Archive member included to satisfy reference by file (symbol)

C:/ST/STM32CubeCLT_1.15.1/GNU-tools-for-STM32/bin/../lib/gcc/arm-none-eabi/12.3.1/../../../../arm-none-eabi/lib/thumb/v6-m/nofp\libc_nano.a(libc_a-exit.o)
                              C:/ST/STM32CubeCLT_1.15.1/GNU-tools-for-STM32/bin/../lib/gcc/arm-none-eabi/12.3.1/../../../../arm-none-eabi/lib/thumb/v6-m/nofp/crt0.o (exit)
C:/ST/STM32CubeCLT_1.15.1/GNU-tools-for-STM32/bin/../lib/gcc/arm-none-eabi/12.3.1/../../../../arm-none-eabi/lib/thumb/v6-m/nofp\libc_nano.a(libc_a-findfp.o)
                              C:/ST/STM32CubeCLT_1.15.1/GNU-tools-for-STM32/bin/../lib/gcc/arm-none-eabi/12.3.1/../../../../arm-none-eabi/lib/thumb/v6-m/nofp\libc_nano.a(libc_a-exit.o) (__stdio_exit_handler)
C:/ST/STM32CubeCLT_1.15.1/GNU-tools-for-STM32/bin/../lib/gcc/arm-none-eabi/12.3.1/../../../../arm-none-eabi/lib/thumb/v6-m/nofp\libc_nano.a(libc_a-fwalk.o)
                              C:/ST/STM32CubeCLT_1.15.1/GNU-tools-for-STM32/bin/../lib/gcc/arm-none-eabi/12.3.1/../../../../arm-none-eabi/lib/thumb/v6-m/nofp\libc_nano.a(libc_a-findfp.o) (_fwalk_sglue)
C:/ST/STM32CubeCLT_1.15.1/GNU-tools-for-STM32/bin/../lib/gcc/arm-none-eabi/12.3.1/../../../../arm-none-eabi/lib/thumb/v6-m/nofp\libc_nano.a(libc_a-stdio.o)
                              C:/ST/STM32CubeCLT_1.15.1/GNU-tools-for-STM32/bin/../lib/gcc/arm-none-eabi/12.3.1/../../../../arm-none-eabi/lib/thumb/v6-m/nofp\libc_nano.a(libc_a-findfp.o) (__sread)
C:/ST/STM32CubeCLT_1.15.1/GNU-tools-for-STM32/bin/../lib/gcc/arm-none-eabi/12.3.1/../../../../arm-none-eabi/lib/thumb/v6-m/nofp\libc_nano.a(libc_a-memset.o)
                              C:/ST/STM32CubeCLT_1.15.1/GNU-tools-for-STM32/bin/../lib/gcc/arm-none-eabi/12.3.1/../../../../arm-none-eabi/lib/thumb/v6-m/nofp/crt0.o (memset)
C:/ST/STM32CubeCLT_1.15.1/GNU-tools-for-STM32/bin/../lib/gcc/arm-none-eabi/12.3.1/../../../../arm-none-eabi/lib/thumb/v6-m/nofp\libc_nano.a(libc_a-closer.o)
                              C:/ST/STM32CubeCLT_1.15.1/GNU-tools-for-STM32/bin/../lib/gcc/arm-none-eabi/12.3.1/../../../../arm-none-eabi/lib/thumb/v6-m/nofp\libc_nano.a(libc_a-stdio.o) (_close_r)
C:/ST/STM32CubeCLT_1.15.1/GNU-tools-for-STM32/bin/../lib/gcc/arm-none-eabi/12.3.1/../../../../arm-none-eabi/lib/thumb/v6-m/nofp\libc_nano.a(libc_a-reent.o)
                              C:/ST/STM32CubeCLT_1.15.1/GNU-tools-for-STM32/bin/../lib/gcc/arm-none-eabi/12.3.1/../../../../arm-none-eabi/lib/thumb/v6-m/nofp\libc_nano.a(libc_a-closer.o) (errno)
C:/ST/STM32CubeCLT_1.15.1/GNU-tools-for-STM32/bin/../lib/gcc/arm-none-eabi/12.3.1/../../../../arm-none-eabi/lib/thumb/v6-m/nofp\libc_nano.a(libc_a-impure.o)
                              C:/ST/STM32CubeCLT_1.15.1/GNU-tools-for-STM32/bin/../lib/gcc/arm-none-eabi/12.3.1/../../../../arm-none-eabi/lib/thumb/v6-m/nofp\libc_nano.a(libc_a-reent.o) (_impure_ptr)
C:/ST/STM32CubeCLT_1.15.1/GNU-tools-for-STM32/bin/../lib/gcc/arm-none-eabi/12.3.1/../../../../arm-none-eabi/lib/thumb/v6-m/nofp\libc_nano.a(libc_a-lseekr.o)
                              C:/ST/STM32CubeCLT_1.15.1/GNU-tools-for-STM32/bin/../lib/gcc/arm-none-eabi/12.3.1/../../../../arm-none-eabi/lib/thumb/v6-m/nofp\libc_nano.a(libc_a-stdio.o) (_lseek_r)
C:/ST/STM32CubeCLT_1.15.1/GNU-tools-for-STM32/bin/../lib/gcc/arm-none-eabi/12.3.1/../../../../arm-none-eabi/lib/thumb/v6-m/nofp\libc_nano.a(libc_a-readr.o)
                              C:/ST/STM32CubeCLT_1.15.1/GNU-tools-for-STM32/bin/../lib/gcc/arm-none-eabi/12.3.1/../../../../arm-none-eabi/lib/thumb/v6-m/nofp\libc_nano.a(libc_a-stdio.o) (_read_r)
C:/ST/STM32CubeCLT_1.15.1/GNU-tools-for-STM32/bin/../lib/gcc/arm-none-eabi/12.3.1/../../../../arm-none-eabi/lib/thumb/v6-m/nofp\libc_nano.a(libc_a-writer.o)
                              C:/ST/STM32CubeCLT_1.15.1/GNU-tools-for-STM32/bin/../lib/gcc/arm-none-eabi/12.3.1/../../../../arm-none-eabi/lib/thumb/v6-m/nofp\libc_nano.a(libc_a-stdio.o) (_write_r)
C:/ST/STM32CubeCLT_1.15.1/GNU-tools-for-STM32/bin/../lib/gcc/arm-none-eabi/12.3.1/../../../../arm-none-eabi/lib/thumb/v6-m/nofp\libc_nano.a(libc_a-init.o)
                              C:/ST/STM32CubeCLT_1.15.1/GNU-tools-for-STM32/bin/../lib/gcc/arm-none-eabi/12.3.1/../../../../arm-none-eabi/lib/thumb/v6-m/nofp/crt0.o (__libc_init_array)
C:/ST/STM32CubeCLT_1.15.1/GNU-tools-for-STM32/bin/../lib/gcc/arm-none-eabi/12.3.1/../../../../arm-none-eabi/lib/thumb/v6-m/nofp\libc_nano.a(libc_a-lock.o)
                              C:/ST/STM32CubeCLT_1.15.1/GNU-tools-for-STM32/bin/../lib/gcc/arm-none-eabi/12.3.1/../../../../arm-none-eabi/lib/thumb/v6-m/nofp\libc_nano.a(libc_a-findfp.o) (__retarget_lock_init_recursive)
C:/ST/STM32CubeCLT_1.15.1/GNU-tools-for-STM32/bin/../lib/gcc/arm-none-eabi/12.3.1/../../../../arm-none-eabi/lib/thumb/v6-m/nofp\libc_nano.a(libc_a-freer.o)
                              C:/ST/STM32CubeCLT_1.15.1/GNU-tools-for-STM32/bin/../lib/gcc/arm-none-eabi/12.3.1/../../../../arm-none-eabi/lib/thumb/v6-m/nofp\libc_nano.a(libc_a-reent.o) (_free_r)
[...]
Memory Configuration

Name             Origin             Length             Attributes
RAM              0x20000000         0x00002000         xrw
FLASH            0x08000000         0x00010000         xr
*default*        0x00000000         0xffffffff

Linker script and memory map

LOAD C:/ST/STM32CubeCLT_1.15.1/GNU-tools-for-STM32/bin/../lib/gcc/arm-none-eabi/12.3.1/thumb/v6-m/nofp/crti.o
LOAD C:/ST/STM32CubeCLT_1.15.1/GNU-tools-for-STM32/bin/../lib/gcc/arm-none-eabi/12.3.1/thumb/v6-m/nofp/crtbegin.o
LOAD C:/ST/STM32CubeCLT_1.15.1/GNU-tools-for-STM32/bin/../lib/gcc/arm-none-eabi/12.3.1/../../../../arm-none-eabi/lib/thumb/v6-m/nofp/crt0.o
START GROUP
LOAD C:/ST/STM32CubeCLT_1.15.1/GNU-tools-for-STM32/bin/../lib/gcc/arm-none-eabi/12.3.1/../../../../arm-none-eabi/lib/thumb/v6-m/nofp\libc_nano.a
LOAD C:/ST/STM32CubeCLT_1.15.1/GNU-tools-for-STM32/bin/../lib/gcc/arm-none-eabi/12.3.1/../../../../arm-none-eabi/lib/thumb/v6-m/nofp\libm.a
END GROUP
LOAD CMakeFiles/STM32F051K8T7_CT.dir/Core/Src/main.c.obj
LOAD CMakeFiles/STM32F051K8T7_CT.dir/Core/Src/gpio.c.obj
LOAD CMakeFiles/STM32F051K8T7_CT.dir/Core/Src/adc.c.obj
LOAD CMakeFiles/STM32F051K8T7_CT.dir/Core/Src/dma.c.obj
LOAD CMakeFiles/STM32F051K8T7_CT.dir/Core/Src/i2c.c.obj
LOAD CMakeFiles/STM32F051K8T7_CT.dir/Core/Src/tim.c.obj
LOAD CMakeFiles/STM32F051K8T7_CT.dir/Core/Src/usart.c.obj
LOAD CMakeFiles/STM32F051K8T7_CT.dir/Core/Src/stm32f0xx_it.c.obj
LOAD CMakeFiles/STM32F051K8T7_CT.dir/Core/Src/stm32f0xx_hal_msp.c.obj
LOAD CMakeFiles/STM32F051K8T7_CT.dir/Drivers/STM32F0xx_HAL_Driver/Src/stm32f0xx_hal_adc.c.obj
LOAD CMakeFiles/STM32F051K8T7_CT.dir/Drivers/STM32F0xx_HAL_Driver/Src/stm32f0xx_hal_adc_ex.c.obj
LOAD CMakeFiles/STM32F051K8T7_CT.dir/Drivers/STM32F0xx_HAL_Driver/Src/stm32f0xx_hal_rcc.c.obj
LOAD CMakeFiles/STM32F051K8T7_CT.dir/Drivers/STM32F0xx_HAL_Driver/Src/stm32f0xx_hal_rcc_ex.c.obj
LOAD CMakeFiles/STM32F051K8T7_CT.dir/Drivers/STM32F0xx_HAL_Driver/Src/stm32f0xx_hal.c.obj
LOAD CMakeFiles/STM32F051K8T7_CT.dir/Drivers/STM32F0xx_HAL_Driver/Src/stm32f0xx_hal_i2c.c.obj
LOAD CMakeFiles/STM32F051K8T7_CT.dir/Drivers/STM32F0xx_HAL_Driver/Src/stm32f0xx_hal_i2c_ex.c.obj
LOAD CMakeFiles/STM32F051K8T7_CT.dir/Drivers/STM32F0xx_HAL_Driver/Src/stm32f0xx_hal_gpio.c.obj
LOAD CMakeFiles/STM32F051K8T7_CT.dir/Drivers/STM32F0xx_HAL_Driver/Src/stm32f0xx_hal_dma.c.obj
LOAD CMakeFiles/STM32F051K8T7_CT.dir/Drivers/STM32F0xx_HAL_Driver/Src/stm32f0xx_hal_cortex.c.obj
LOAD CMakeFiles/STM32F051K8T7_CT.dir/Drivers/STM32F0xx_HAL_Driver/Src/stm32f0xx_hal_pwr.c.obj
LOAD CMakeFiles/STM32F051K8T7_CT.dir/Drivers/STM32F0xx_HAL_Driver/Src/stm32f0xx_hal_pwr_ex.c.obj
LOAD CMakeFiles/STM32F051K8T7_CT.dir/Drivers/STM32F0xx_HAL_Driver/Src/stm32f0xx_hal_flash.c.obj
LOAD CMakeFiles/STM32F051K8T7_CT.dir/Drivers/STM32F0xx_HAL_Driver/Src/stm32f0xx_hal_flash_ex.c.obj
LOAD CMakeFiles/STM32F051K8T7_CT.dir/Drivers/STM32F0xx_HAL_Driver/Src/stm32f0xx_hal_exti.c.obj
LOAD CMakeFiles/STM32F051K8T7_CT.dir/Drivers/STM32F0xx_HAL_Driver/Src/stm32f0xx_hal_tim.c.obj
LOAD CMakeFiles/STM32F051K8T7_CT.dir/Drivers/STM32F0xx_HAL_Driver/Src/stm32f0xx_hal_tim_ex.c.obj
LOAD CMakeFiles/STM32F051K8T7_CT.dir/Drivers/STM32F0xx_HAL_Driver/Src/stm32f0xx_hal_uart.c.obj
LOAD CMakeFiles/STM32F051K8T7_CT.dir/Drivers/STM32F0xx_HAL_Driver/Src/stm32f0xx_hal_uart_ex.c.obj
LOAD CMakeFiles/STM32F051K8T7_CT.dir/Core/Src/system_stm32f0xx.c.obj
LOAD CMakeFiles/STM32F051K8T7_CT.dir/Core/Src/sysmem.c.obj
LOAD CMakeFiles/STM32F051K8T7_CT.dir/Core/Src/syscalls.c.obj
LOAD CMakeFiles/STM32F051K8T7_CT.dir/startup_stm32f051x8.s.obj
START GROUP
LOAD C:/ST/STM32CubeCLT_1.15.1/GNU-tools-for-STM32/bin/../lib/gcc/arm-none-eabi/12.3.1/thumb/v6-m/nofp\libgcc.a
LOAD C:/ST/STM32CubeCLT_1.15.1/GNU-tools-for-STM32/bin/../lib/gcc/arm-none-eabi/12.3.1/../../../../arm-none-eabi/lib/thumb/v6-m/nofp\libg_nano.a
LOAD C:/ST/STM32CubeCLT_1.15.1/GNU-tools-for-STM32/bin/../lib/gcc/arm-none-eabi/12.3.1/../../../../arm-none-eabi/lib/thumb/v6-m/nofp\libc_nano.a
END GROUP
START GROUP
LOAD C:/ST/STM32CubeCLT_1.15.1/GNU-tools-for-STM32/bin/../lib/gcc/arm-none-eabi/12.3.1/thumb/v6-m/nofp\libgcc.a
LOAD C:/ST/STM32CubeCLT_1.15.1/GNU-tools-for-STM32/bin/../lib/gcc/arm-none-eabi/12.3.1/../../../../arm-none-eabi/lib/thumb/v6-m/nofp\libc_nano.a
END GROUP
LOAD C:/ST/STM32CubeCLT_1.15.1/GNU-tools-for-STM32/bin/../lib/gcc/arm-none-eabi/12.3.1/thumb/v6-m/nofp/crtend.o
LOAD C:/ST/STM32CubeCLT_1.15.1/GNU-tools-for-STM32/bin/../lib/gcc/arm-none-eabi/12.3.1/thumb/v6-m/nofp/crtn.o
                0x20002000                        _estack = (ORIGIN (RAM) + LENGTH (RAM))
                0x00000200                        _Min_Heap_Size = 0x200
                0x00000400                        _Min_Stack_Size = 0x400

.isr_vector     0x08000000       0xc0
                0x08000000                        . = ALIGN (0x4)
 *(.isr_vector)
 .isr_vector    0x08000000       0xc0 CMakeFiles/STM32F051K8T7_CT.dir/startup_stm32f051x8.s.obj
                0x08000000                g_pfnVectors
                0x080000c0                        . = ALIGN (0x4)

.text           0x080000c0     0xb16c
                0x080000c0                        . = ALIGN (0x4)
 *(.text)
 .text          0x080000c0       0x48 C:/ST/STM32CubeCLT_1.15.1/GNU-tools-for-STM32/bin/../lib/gcc/arm-none-eabi/12.3.1/thumb/v6-m/nofp/crtbegin.o
 .text          0x08000108      0x114 C:/ST/STM32CubeCLT_1.15.1/GNU-tools-for-STM32/bin/../lib/gcc/arm-none-eabi/12.3.1/thumb/v6-m/nofp\libgcc.a(_udivsi3.o)
                0x08000108                __aeabi_uidiv
                0x08000108                __udivsi3
                0x08000214                __aeabi_uidivmod
 .text          0x0800021c      0x1d4 C:/ST/STM32CubeCLT_1.15.1/GNU-tools-for-STM32/bin/../lib/gcc/arm-none-eabi/12.3.1/thumb/v6-m/nofp\libgcc.a(_divsi3.o)
                0x0800021c                __divsi3
                0x0800021c                __aeabi_idiv
                0x080003e8                __aeabi_idivmod
 .text          0x080003f0        0x4 C:/ST/STM32CubeCLT_1.15.1/GNU-tools-for-STM32/bin/../lib/gcc/arm-none-eabi/12.3.1/thumb/v6-m/nofp\libgcc.a(_dvmd_tls.o)
                0x080003f0                __aeabi_idiv0
                0x080003f0                __aeabi_ldiv0
 .text          0x080003f4       0x3c C:/ST/STM32CubeCLT_1.15.1/GNU-tools-for-STM32/bin/../lib/gcc/arm-none-eabi/12.3.1/thumb/v6-m/nofp\libgcc.a(_fixunsdfsi.o)
                0x080003f4                __aeabi_d2uiz
                0x080003f4                __fixunsdfsi
 .text          0x08000430      0x738 C:/ST/STM32CubeCLT_1.15.1/GNU-tools-for-STM32/bin/../lib/gcc/arm-none-eabi/12.3.1/thumb/v6-m/nofp\libgcc.a(subdf3.o)
                0x08000430                __aeabi_dsub
 .text          0x08000b68       0x78 C:/ST/STM32CubeCLT_1.15.1/GNU-tools-for-STM32/bin/../lib/gcc/arm-none-eabi/12.3.1/thumb/v6-m/nofp\libgcc.a(fixdfsi.o)
                0x08000b68                __aeabi_d2iz
 .text          0x08000be0       0x48 C:/ST/STM32CubeCLT_1.15.1/GNU-tools-for-STM32/bin/../lib/gcc/arm-none-eabi/12.3.1/thumb/v6-m/nofp\libgcc.a(floatunsidf.o)
                0x08000be0                __aeabi_ui2d
 .text          0x08000c28       0x7c C:/ST/STM32CubeCLT_1.15.1/GNU-tools-for-STM32/bin/../lib/gcc/arm-none-eabi/12.3.1/thumb/v6-m/nofp\libgcc.a(_arm_cmpdf2.o)
                0x08000c28                __aeabi_cdrcmple
                0x08000c38                __aeabi_cdcmple
                0x08000c38                __aeabi_cdcmpeq
                0x08000c48                __aeabi_dcmpeq
                0x08000c54                __aeabi_dcmplt
                0x08000c68                __aeabi_dcmple
                0x08000c7c                __aeabi_dcmpgt
                0x08000c90                __aeabi_dcmpge
 .text          0x08000ca4       0x3c C:/ST/STM32CubeCLT_1.15.1/GNU-tools-for-STM32/bin/../lib/gcc/arm-none-eabi/12.3.1/thumb/v6-m/nofp\libgcc.a(_clzsi2.o)
                0x08000ca4                __clzsi2
 .text          0x08000ce0       0x88 C:/ST/STM32CubeCLT_1.15.1/GNU-tools-for-STM32/bin/../lib/gcc/arm-none-eabi/12.3.1/thumb/v6-m/nofp\libgcc.a(eqdf2.o)
                0x08000ce0                __nedf2
                0x08000ce0                __eqdf2
 .text          0x08000d68       0xe8 C:/ST/STM32CubeCLT_1.15.1/GNU-tools-for-STM32/bin/../lib/gcc/arm-none-eabi/12.3.1/thumb/v6-m/nofp\libgcc.a(gedf2.o)
                0x08000d68                __gedf2
                0x08000d68                __gtdf2
 .text          0x08000e50       0xe4 C:/ST/STM32CubeCLT_1.15.1/GNU-tools-for-STM32/bin/../lib/gcc/arm-none-eabi/12.3.1/thumb/v6-m/nofp\libgcc.a(ledf2.o)
                0x08000e50                __ledf2
                0x08000e50                __ltdf2
 .text          0x08000f34        0xe C:/ST/STM32CubeCLT_1.15.1/GNU-tools-for-STM32/bin/../lib/gcc/arm-none-eabi/12.3.1/../../../../arm-none-eabi/lib/thumb/v6-m/nofp\libg_nano.a(libc_a-strlen.o)
                0x08000f34                strlen
 *fill*         0x08000f42        0x2 
 .text          0x08000f44       0x14 C:/ST/STM32CubeCLT_1.15.1/GNU-tools-for-STM32/bin/../lib/gcc/arm-none-eabi/12.3.1/thumb/v6-m/nofp\libgcc.a(_thumb1_case_shi.o)
                0x08000f44                __gnu_thumb1_case_shi
 .text          0x08000f58      0x6c8 C:/ST/STM32CubeCLT_1.15.1/GNU-tools-for-STM32/bin/../lib/gcc/arm-none-eabi/12.3.1/thumb/v6-m/nofp\libgcc.a(adddf3.o)
                0x08000f58                __aeabi_dadd
 .text          0x08001620      0x634 C:/ST/STM32CubeCLT_1.15.1/GNU-tools-for-STM32/bin/../lib/gcc/arm-none-eabi/12.3.1/thumb/v6-m/nofp\libgcc.a(divdf3.o)
                0x08001620                __aeabi_ddiv
 .text          0x08001c54      0x590 C:/ST/STM32CubeCLT_1.15.1/GNU-tools-for-STM32/bin/../lib/gcc/arm-none-eabi/12.3.1/thumb/v6-m/nofp\libgcc.a(muldf3.o)
                0x08001c54                __aeabi_dmul
 .text          0x080021e4       0x44 C:/ST/STM32CubeCLT_1.15.1/GNU-tools-for-STM32/bin/../lib/gcc/arm-none-eabi/12.3.1/thumb/v6-m/nofp\libgcc.a(unorddf2.o)
                0x080021e4                __aeabi_dcmpun
 *(.text*)
 .text.std      0x08002228       0x6c C:/ST/STM32CubeCLT_1.15.1/GNU-tools-for-STM32/bin/../lib/gcc/arm-none-eabi/12.3.1/../../../../arm-none-eabi/lib/thumb/v6-m/nofp\libc_nano.a(libc_a-findfp.o)
 .text.stdio_exit_handler
                0x08002294       0x1c C:/ST/STM32CubeCLT_1.15.1/GNU-tools-for-STM32/bin/../lib/gcc/arm-none-eabi/12.3.1/../../../../arm-none-eabi/lib/thumb/v6-m/nofp\libc_nano.a(libc_a-findfp.o)
 .text.cleanup_stdio
                0x080022b0       0x3c C:/ST/STM32CubeCLT_1.15.1/GNU-tools-for-STM32/bin/../lib/gcc/arm-none-eabi/12.3.1/../../../../arm-none-eabi/lib/thumb/v6-m/nofp\libc_nano.a(libc_a-findfp.o)
 .text.global_stdio_init.part.0
                0x080022ec       0x3c C:/ST/STM32CubeCLT_1.15.1/GNU-tools-for-STM32/bin/../lib/gcc/arm-none-eabi/12.3.1/../../../../arm-none-eabi/lib/thumb/v6-m/nofp\libc_nano.a(libc_a-findfp.o)
 .text.__sfp_lock_acquire
                0x08002328       0x10 C:/ST/STM32CubeCLT_1.15.1/GNU-tools-for-STM32/bin/../lib/gcc/arm-none-eabi/12.3.1/../../../../arm-none-eabi/lib/thumb/v6-m/nofp\libc_nano.a(libc_a-findfp.o)
                0x08002328                __sfp_lock_acquire
 .text.__sfp_lock_release
                0x08002338       0x10 C:/ST/STM32CubeCLT_1.15.1/GNU-tools-for-STM32/bin/../lib/gcc/arm-none-eabi/12.3.1/../../../../arm-none-eabi/lib/thumb/v6-m/nofp\libc_nano.a(libc_a-findfp.o)
                0x08002338                __sfp_lock_release
 .text.__sinit  0x08002348       0x30 C:/ST/STM32CubeCLT_1.15.1/GNU-tools-for-STM32/bin/../lib/gcc/arm-none-eabi/12.3.1/../../../../arm-none-eabi/lib/thumb/v6-m/nofp\libc_nano.a(libc_a-findfp.o)
                0x08002348                __sinit
 .text._fwalk_sglue
                0x08002378       0x38 C:/ST/STM32CubeCLT_1.15.1/GNU-tools-for-STM32/bin/../lib/gcc/arm-none-eabi/12.3.1/../../../../arm-none-eabi/lib/thumb/v6-m/nofp\libc_nano.a(libc_a-fwalk.o)
                0x08002378                _fwalk_sglue
 .text.__sread  0x080023b0       0x28 C:/ST/STM32CubeCLT_1.15.1/GNU-tools-for-STM32/bin/../lib/gcc/arm-none-eabi/12.3.1/../../../../arm-none-eabi/lib/thumb/v6-m/nofp\libc_nano.a(libc_a-stdio.o)
                0x080023b0                __sread
 .text.__swrite
                0x080023d8       0x38 C:/ST/STM32CubeCLT_1.15.1/GNU-tools-for-STM32/bin/../lib/gcc/arm-none-eabi/12.3.1/../../../../arm-none-eabi/lib/thumb/v6-m/nofp\libc_nano.a(libc_a-stdio.o)
                0x080023d8                __swrite
 .text.__sseek  0x08002410       0x2c C:/ST/STM32CubeCLT_1.15.1/GNU-tools-for-STM32/bin/../lib/gcc/arm-none-eabi/12.3.1/../../../../arm-none-eabi/lib/thumb/v6-m/nofp\libc_nano.a(libc_a-stdio.o)
                0x08002410                __sseek
 .text.__sclose
                0x0800243c        0xc C:/ST/STM32CubeCLT_1.15.1/GNU-tools-for-STM32/bin/../lib/gcc/arm-none-eabi/12.3.1/../../../../arm-none-eabi/lib/thumb/v6-m/nofp\libc_nano.a(libc_a-stdio.o)
                0x0800243c                __sclose
 .text.memset   0x08002448       0x10 C:/ST/STM32CubeCLT_1.15.1/GNU-tools-for-STM32/bin/../lib/gcc/arm-none-eabi/12.3.1/../../../../arm-none-eabi/lib/thumb/v6-m/nofp\libc_nano.a(libc_a-memset.o)
                0x08002448                memset
 .text._close_r
                0x08002458       0x24 C:/ST/STM32CubeCLT_1.15.1/GNU-tools-for-STM32/bin/../lib/gcc/arm-none-eabi/12.3.1/../../../../arm-none-eabi/lib/thumb/v6-m/nofp\libc_nano.a(libc_a-closer.o)
                0x08002458                _close_r
 .text._lseek_r
                0x0800247c       0x28 C:/ST/STM32CubeCLT_1.15.1/GNU-tools-for-STM32/bin/../lib/gcc/arm-none-eabi/12.3.1/../../../../arm-none-eabi/lib/thumb/v6-m/nofp\libc_nano.a(libc_a-lseekr.o)
                0x0800247c                _lseek_r
 .text._read_r  0x080024a4       0x28 C:/ST/STM32CubeCLT_1.15.1/GNU-tools-for-STM32/bin/../lib/gcc/arm-none-eabi/12.3.1/../../../../arm-none-eabi/lib/thumb/v6-m/nofp\libc_nano.a(libc_a-readr.o)
                0x080024a4                _read_r
 .text._write_r
                0x080024cc       0x28 C:/ST/STM32CubeCLT_1.15.1/GNU-tools-for-STM32/bin/../lib/gcc/arm-none-eabi/12.3.1/../../../../arm-none-eabi/lib/thumb/v6-m/nofp\libc_nano.a(libc_a-writer.o)
                0x080024cc                _write_r
 .text.__libc_init_array
                0x080024f4       0x48 C:/ST/STM32CubeCLT_1.15.1/GNU-tools-for-STM32/bin/../lib/gcc/arm-none-eabi/12.3.1/../../../../arm-none-eabi/lib/thumb/v6-m/nofp\libc_nano.a(libc_a-init.o)
                0x080024f4                __libc_init_array
 .text.__retarget_lock_init_recursive
                0x0800253c        0x2 C:/ST/STM32CubeCLT_1.15.1/GNU-tools-for-STM32/bin/../lib/gcc/arm-none-eabi/12.3.1/../../../../arm-none-eabi/lib/thumb/v6-m/nofp\libc_nano.a(libc_a-lock.o)
                0x0800253c                __retarget_lock_init_recursive
 .text.__retarget_lock_acquire_recursive
                0x0800253e        0x2 C:/ST/STM32CubeCLT_1.15.1/GNU-tools-for-STM32/bin/../lib/gcc/arm-none-eabi/12.3.1/../../../../arm-none-eabi/lib/thumb/v6-m/nofp\libc_nano.a(libc_a-lock.o)
                0x0800253e                __retarget_lock_acquire_recursive
 .text.__retarget_lock_release_recursive
                0x08002540        0x2 C:/ST/STM32CubeCLT_1.15.1/GNU-tools-for-STM32/bin/../lib/gcc/arm-none-eabi/12.3.1/../../../../arm-none-eabi/lib/thumb/v6-m/nofp\libc_nano.a(libc_a-lock.o)
                0x08002540                __retarget_lock_release_recursive
 *fill*         0x08002542        0x2 
 .text._free_r  0x08002544       0x94 C:/ST/STM32CubeCLT_1.15.1/GNU-tools-for-STM32/bin/../lib/gcc/arm-none-eabi/12.3.1/../../../../arm-none-eabi/lib/thumb/v6-m/nofp\libc_nano.a(libc_a-freer.o)
                0x08002544                _free_r
 .text.sbrk_aligned
                0x080025d8       0x44 C:/ST/STM32CubeCLT_1.15.1/GNU-tools-for-STM32/bin/../lib/gcc/arm-none-eabi/12.3.1/../../../../arm-none-eabi/lib/thumb/v6-m/nofp\libc_nano.a(libc_a-mallocr.o)
 .text._malloc_r
                0x0800261c      0x100 C:/ST/STM32CubeCLT_1.15.1/GNU-tools-for-STM32/bin/../lib/gcc/arm-none-eabi/12.3.1/../../../../arm-none-eabi/lib/thumb/v6-m/nofp\libc_nano.a(libc_a-mallocr.o)
                0x0800261c                _malloc_r
 .text.__malloc_lock
                0x0800271c       0x10 C:/ST/STM32CubeCLT_1.15.1/GNU-tools-for-STM32/bin/../lib/gcc/arm-none-eabi/12.3.1/../../../../arm-none-eabi/lib/thumb/v6-m/nofp\libc_nano.a(libc_a-mlock.o)
                0x0800271c                __malloc_lock
 .text.__malloc_unlock
                0x0800272c       0x10 C:/ST/STM32CubeCLT_1.15.1/GNU-tools-for-STM32/bin/../lib/gcc/arm-none-eabi/12.3.1/../../../../arm-none-eabi/lib/thumb/v6-m/nofp\libc_nano.a(libc_a-mlock.o)
                0x0800272c                __malloc_unlock
 .text.__sflush_r
                0x0800273c      0x10c C:/ST/STM32CubeCLT_1.15.1/GNU-tools-for-STM32/bin/../lib/gcc/arm-none-eabi/12.3.1/../../../../arm-none-eabi/lib/thumb/v6-m/nofp\libc_nano.a(libc_a-fflush.o)
                0x0800273c                __sflush_r
 .text._fflush_r
                0x08002848       0x56 C:/ST/STM32CubeCLT_1.15.1/GNU-tools-for-STM32/bin/../lib/gcc/arm-none-eabi/12.3.1/../../../../arm-none-eabi/lib/thumb/v6-m/nofp\libc_nano.a(libc_a-fflush.o)
                0x08002848                _fflush_r
 *fill*         0x0800289e        0x2 
 .text._sbrk_r  0x080028a0       0x24 C:/ST/STM32CubeCLT_1.15.1/GNU-tools-for-STM32/bin/../lib/gcc/arm-none-eabi/12.3.1/../../../../arm-none-eabi/lib/thumb/v6-m/nofp\libc_nano.a(libc_a-sbrkr.o)
                0x080028a0                _sbrk_r
 .text.main     0x080028c4      0x5dc CMakeFiles/STM32F051K8T7_CT.dir/Core/Src/main.c.obj
                0x080028c4                main
 .text.SystemClock_Config
                0x08002ea0       0xd4 CMakeFiles/STM32F051K8T7_CT.dir/Core/Src/main.c.obj
                0x08002ea0                SystemClock_Config
 .text.HAL_TIM_PeriodElapsedCallback
                0x08002f74       0x54 CMakeFiles/STM32F051K8T7_CT.dir/Core/Src/main.c.obj
                0x08002f74                HAL_TIM_PeriodElapsedCallback
 .text.HAL_UART_RxCpltCallback
                0x08002fc8      0x44c CMakeFiles/STM32F051K8T7_CT.dir/Core/Src/main.c.obj
                0x08002fc8                HAL_UART_RxCpltCallback
 .text.Read_Sensor_ID
                0x08003414       0x60 CMakeFiles/STM32F051K8T7_CT.dir/Core/Src/main.c.obj
                0x08003414                Read_Sensor_ID
 .text.ADC_CT_PRO
                0x08003474      0x1e4 CMakeFiles/STM32F051K8T7_CT.dir/Core/Src/main.c.obj
                0x08003474                ADC_CT_PRO
 .text.Error_Handler
                0x08003658        0xc CMakeFiles/STM32F051K8T7_CT.dir/Core/Src/main.c.obj
                0x08003658                Error_Handler
 .text.assert_failed
                0x08003664       0x24 CMakeFiles/STM32F051K8T7_CT.dir/Core/Src/main.c.obj
                0x08003664                assert_failed
 .text.MX_GPIO_Init
                0x08003688       0x68 CMakeFiles/STM32F051K8T7_CT.dir/Core/Src/gpio.c.obj
                0x08003688                MX_GPIO_Init
 .text.MX_ADC_Init
                0x080036f0      0x150 CMakeFiles/STM32F051K8T7_CT.dir/Core/Src/adc.c.obj
                0x080036f0                MX_ADC_Init
 .text.HAL_ADC_MspInit
                0x08003840      0x120 CMakeFiles/STM32F051K8T7_CT.dir/Core/Src/adc.c.obj
                0x08003840                HAL_ADC_MspInit
 .text.MX_DMA_Init
                0x08003960       0x5c CMakeFiles/STM32F051K8T7_CT.dir/Core/Src/dma.c.obj
                0x08003960                MX_DMA_Init
 .text.MX_I2C1_Init
                0x080039bc       0x80 CMakeFiles/STM32F051K8T7_CT.dir/Core/Src/i2c.c.obj
                0x080039bc                MX_I2C1_Init
 .text.HAL_I2C_MspInit
                0x08003a3c       0x9c CMakeFiles/STM32F051K8T7_CT.dir/Core/Src/i2c.c.obj
                0x08003a3c                HAL_I2C_MspInit
 .text.MX_TIM3_Init
                0x08003ad8       0xac CMakeFiles/STM32F051K8T7_CT.dir/Core/Src/tim.c.obj
                0x08003ad8                MX_TIM3_Init
 .text.HAL_TIM_Base_MspInit
                0x08003b84       0x4c CMakeFiles/STM32F051K8T7_CT.dir/Core/Src/tim.c.obj
                0x08003b84                HAL_TIM_Base_MspInit
 .text.MX_USART1_UART_Init
                0x08003bd0       0x60 CMakeFiles/STM32F051K8T7_CT.dir/Core/Src/usart.c.obj
                0x08003bd0                MX_USART1_UART_Init
 .text.MX_USART2_UART_Init
                0x08003c30       0x64 CMakeFiles/STM32F051K8T7_CT.dir/Core/Src/usart.c.obj
                0x08003c30                MX_USART2_UART_Init
 .text.HAL_UART_MspInit
                0x08003c94      0x234 CMakeFiles/STM32F051K8T7_CT.dir/Core/Src/usart.c.obj
                0x08003c94                HAL_UART_MspInit
 .text.NMI_Handler
                0x08003ec8        0x8 CMakeFiles/STM32F051K8T7_CT.dir/Core/Src/stm32f0xx_it.c.obj
                0x08003ec8                NMI_Handler
 .text.HardFault_Handler
                0x08003ed0        0x8 CMakeFiles/STM32F051K8T7_CT.dir/Core/Src/stm32f0xx_it.c.obj
                0x08003ed0                HardFault_Handler
 .text.SVC_Handler
                0x08003ed8        0xa CMakeFiles/STM32F051K8T7_CT.dir/Core/Src/stm32f0xx_it.c.obj
                0x08003ed8                SVC_Handler
 .text.PendSV_Handler
                0x08003ee2        0xa CMakeFiles/STM32F051K8T7_CT.dir/Core/Src/stm32f0xx_it.c.obj
                0x08003ee2                PendSV_Handler
 .text.SysTick_Handler
                0x08003eec        0xe CMakeFiles/STM32F051K8T7_CT.dir/Core/Src/stm32f0xx_it.c.obj
                0x08003eec                SysTick_Handler
 *fill*         0x08003efa        0x2 
 .text.DMA1_Channel1_IRQHandler
                0x08003efc       0x18 CMakeFiles/STM32F051K8T7_CT.dir/Core/Src/stm32f0xx_it.c.obj
                0x08003efc                DMA1_Channel1_IRQHandler
 .text.DMA1_Channel2_3_IRQHandler
                0x08003f14       0x18 CMakeFiles/STM32F051K8T7_CT.dir/Core/Src/stm32f0xx_it.c.obj
                0x08003f14                DMA1_Channel2_3_IRQHandler
 .text.DMA1_Channel4_5_IRQHandler
                0x08003f2c       0x18 CMakeFiles/STM32F051K8T7_CT.dir/Core/Src/stm32f0xx_it.c.obj
                0x08003f2c                DMA1_Channel4_5_IRQHandler
 .text.TIM3_IRQHandler
                0x08003f44       0x18 CMakeFiles/STM32F051K8T7_CT.dir/Core/Src/stm32f0xx_it.c.obj
                0x08003f44                TIM3_IRQHandler
 .text.USART1_IRQHandler
                0x08003f5c       0x18 CMakeFiles/STM32F051K8T7_CT.dir/Core/Src/stm32f0xx_it.c.obj
                0x08003f5c                USART1_IRQHandler
 .text.USART2_IRQHandler
                0x08003f74       0x18 CMakeFiles/STM32F051K8T7_CT.dir/Core/Src/stm32f0xx_it.c.obj
                0x08003f74                USART2_IRQHandler
 .text.HAL_MspInit
                0x08003f8c       0x48 CMakeFiles/STM32F051K8T7_CT.dir/Core/Src/stm32f0xx_hal_msp.c.obj
                0x08003f8c                HAL_MspInit
 .text.HAL_ADC_Init
                0x08003fd4      0x49c CMakeFiles/STM32F051K8T7_CT.dir/Drivers/STM32F0xx_HAL_Driver/Src/stm32f0xx_hal_adc.c.obj
                0x08003fd4                HAL_ADC_Init
 .text.HAL_ADC_Start_DMA
                0x08004470      0x124 CMakeFiles/STM32F051K8T7_CT.dir/Drivers/STM32F0xx_HAL_Driver/Src/stm32f0xx_hal_adc.c.obj
                0x08004470                HAL_ADC_Start_DMA
 .text.HAL_ADC_ConvCpltCallback
                0x08004594       0x10 CMakeFiles/STM32F051K8T7_CT.dir/Drivers/STM32F0xx_HAL_Driver/Src/stm32f0xx_hal_adc.c.obj
                0x08004594                HAL_ADC_ConvCpltCallback
 .text.HAL_ADC_ConvHalfCpltCallback
                0x080045a4       0x10 CMakeFiles/STM32F051K8T7_CT.dir/Drivers/STM32F0xx_HAL_Driver/Src/stm32f0xx_hal_adc.c.obj
                0x080045a4                HAL_ADC_ConvHalfCpltCallback
 .text.HAL_ADC_ErrorCallback
                0x080045b4       0x10 CMakeFiles/STM32F051K8T7_CT.dir/Drivers/STM32F0xx_HAL_Driver/Src/stm32f0xx_hal_adc.c.obj
                0x080045b4                HAL_ADC_ErrorCallback
 .text.HAL_ADC_ConfigChannel
                0x080045c4      0x378 CMakeFiles/STM32F051K8T7_CT.dir/Drivers/STM32F0xx_HAL_Driver/Src/stm32f0xx_hal_adc.c.obj
                0x080045c4                HAL_ADC_ConfigChannel
 .text.ADC_Enable
                0x0800493c      0x108 CMakeFiles/STM32F051K8T7_CT.dir/Drivers/STM32F0xx_HAL_Driver/Src/stm32f0xx_hal_adc.c.obj
 .text.ADC_DMAConvCplt
                0x08004a44       0xb4 CMakeFiles/STM32F051K8T7_CT.dir/Drivers/STM32F0xx_HAL_Driver/Src/stm32f0xx_hal_adc.c.obj
 .text.ADC_DMAHalfConvCplt
                0x08004af8       0x1e CMakeFiles/STM32F051K8T7_CT.dir/Drivers/STM32F0xx_HAL_Driver/Src/stm32f0xx_hal_adc.c.obj
 .text.ADC_DMAError
                0x08004b16       0x36 CMakeFiles/STM32F051K8T7_CT.dir/Drivers/STM32F0xx_HAL_Driver/Src/stm32f0xx_hal_adc.c.obj
 .text.HAL_ADCEx_Calibration_Start
                0x08004b4c      0x16c CMakeFiles/STM32F051K8T7_CT.dir/Drivers/STM32F0xx_HAL_Driver/Src/stm32f0xx_hal_adc_ex.c.obj
                0x08004b4c                HAL_ADCEx_Calibration_Start
 .text.HAL_RCC_OscConfig
                0x08004cb8      0x91c CMakeFiles/STM32F051K8T7_CT.dir/Drivers/STM32F0xx_HAL_Driver/Src/stm32f0xx_hal_rcc.c.obj
                0x08004cb8                HAL_RCC_OscConfig
 .text.HAL_RCC_ClockConfig
                0x080055d4      0x2b0 CMakeFiles/STM32F051K8T7_CT.dir/Drivers/STM32F0xx_HAL_Driver/Src/stm32f0xx_hal_rcc.c.obj
                0x080055d4                HAL_RCC_ClockConfig
 .text.HAL_RCC_GetSysClockFreq
                0x08005884       0xac CMakeFiles/STM32F051K8T7_CT.dir/Drivers/STM32F0xx_HAL_Driver/Src/stm32f0xx_hal_rcc.c.obj
                0x08005884                HAL_RCC_GetSysClockFreq
 .text.HAL_RCC_GetHCLKFreq
                0x08005930       0x14 CMakeFiles/STM32F051K8T7_CT.dir/Drivers/STM32F0xx_HAL_Driver/Src/stm32f0xx_hal_rcc.c.obj
                0x08005930                HAL_RCC_GetHCLKFreq
 .text.HAL_RCC_GetPCLK1Freq
                0x08005944       0x2c CMakeFiles/STM32F051K8T7_CT.dir/Drivers/STM32F0xx_HAL_Driver/Src/stm32f0xx_hal_rcc.c.obj
                0x08005944                HAL_RCC_GetPCLK1Freq
 .text.HAL_RCCEx_PeriphCLKConfig
                0x08005970      0x26c CMakeFiles/STM32F051K8T7_CT.dir/Drivers/STM32F0xx_HAL_Driver/Src/stm32f0xx_hal_rcc_ex.c.obj
                0x08005970                HAL_RCCEx_PeriphCLKConfig
 .text.HAL_Init
                0x08005bdc       0x28 CMakeFiles/STM32F051K8T7_CT.dir/Drivers/STM32F0xx_HAL_Driver/Src/stm32f0xx_hal.c.obj
                0x08005bdc                HAL_Init
 .text.HAL_InitTick
                0x08005c04       0x68 CMakeFiles/STM32F051K8T7_CT.dir/Drivers/STM32F0xx_HAL_Driver/Src/stm32f0xx_hal.c.obj
                0x08005c04                HAL_InitTick
 .text.HAL_IncTick
                0x08005c6c       0x24 CMakeFiles/STM32F051K8T7_CT.dir/Drivers/STM32F0xx_HAL_Driver/Src/stm32f0xx_hal.c.obj
                0x08005c6c                HAL_IncTick
 .text.HAL_GetTick
                0x08005c90       0x14 CMakeFiles/STM32F051K8T7_CT.dir/Drivers/STM32F0xx_HAL_Driver/Src/stm32f0xx_hal.c.obj
                0x08005c90                HAL_GetTick
 .text.HAL_I2C_Init
                0x08005ca4      0x288 CMakeFiles/STM32F051K8T7_CT.dir/Drivers/STM32F0xx_HAL_Driver/Src/stm32f0xx_hal_i2c.c.obj
                0x08005ca4                HAL_I2C_Init
 .text.HAL_I2C_Mem_Write
                0x08005f2c      0x280 CMakeFiles/STM32F051K8T7_CT.dir/Drivers/STM32F0xx_HAL_Driver/Src/stm32f0xx_hal_i2c.c.obj
                0x08005f2c                HAL_I2C_Mem_Write
 .text.HAL_I2C_Mem_Read
                0x080061ac      0x28c CMakeFiles/STM32F051K8T7_CT.dir/Drivers/STM32F0xx_HAL_Driver/Src/stm32f0xx_hal_i2c.c.obj
                0x080061ac                HAL_I2C_Mem_Read
 .text.I2C_RequestMemoryWrite
                0x08006438       0xc8 CMakeFiles/STM32F051K8T7_CT.dir/Drivers/STM32F0xx_HAL_Driver/Src/stm32f0xx_hal_i2c.c.obj
 .text.I2C_RequestMemoryRead
                0x08006500       0xc4 CMakeFiles/STM32F051K8T7_CT.dir/Drivers/STM32F0xx_HAL_Driver/Src/stm32f0xx_hal_i2c.c.obj
 .text.I2C_Flush_TXDR
                0x080065c4       0x44 CMakeFiles/STM32F051K8T7_CT.dir/Drivers/STM32F0xx_HAL_Driver/Src/stm32f0xx_hal_i2c.c.obj
 .text.I2C_WaitOnFlagUntilTimeout
                0x08006608       0xb0 CMakeFiles/STM32F051K8T7_CT.dir/Drivers/STM32F0xx_HAL_Driver/Src/stm32f0xx_hal_i2c.c.obj
 .text.I2C_WaitOnTXISFlagUntilTimeout
                0x080066b8       0x8c CMakeFiles/STM32F051K8T7_CT.dir/Drivers/STM32F0xx_HAL_Driver/Src/stm32f0xx_hal_i2c.c.obj
 .text.I2C_WaitOnSTOPFlagUntilTimeout
                0x08006744       0x86 CMakeFiles/STM32F051K8T7_CT.dir/Drivers/STM32F0xx_HAL_Driver/Src/stm32f0xx_hal_i2c.c.obj
 *fill*         0x080067ca        0x2 
 .text.I2C_IsErrorOccurred
                0x080067cc      0x1f0 CMakeFiles/STM32F051K8T7_CT.dir/Drivers/STM32F0xx_HAL_Driver/Src/stm32f0xx_hal_i2c.c.obj
 .text.I2C_TransferConfig
                0x080069bc      0x10c CMakeFiles/STM32F051K8T7_CT.dir/Drivers/STM32F0xx_HAL_Driver/Src/stm32f0xx_hal_i2c.c.obj
 .text.HAL_I2CEx_ConfigAnalogFilter
                0x08006ac8       0xdc CMakeFiles/STM32F051K8T7_CT.dir/Drivers/STM32F0xx_HAL_Driver/Src/stm32f0xx_hal_i2c_ex.c.obj
                0x08006ac8                HAL_I2CEx_ConfigAnalogFilter
 .text.HAL_I2CEx_ConfigDigitalFilter
                0x08006ba4       0xd4 CMakeFiles/STM32F051K8T7_CT.dir/Drivers/STM32F0xx_HAL_Driver/Src/stm32f0xx_hal_i2c_ex.c.obj
                0x08006ba4                HAL_I2CEx_ConfigDigitalFilter
 .text.HAL_GPIO_Init
                0x08006c78      0x450 CMakeFiles/STM32F051K8T7_CT.dir/Drivers/STM32F0xx_HAL_Driver/Src/stm32f0xx_hal_gpio.c.obj
                0x08006c78                HAL_GPIO_Init
 .text.HAL_DMA_Init
                0x080070c8      0x1e4 CMakeFiles/STM32F051K8T7_CT.dir/Drivers/STM32F0xx_HAL_Driver/Src/stm32f0xx_hal_dma.c.obj
                0x080070c8                HAL_DMA_Init
 .text.HAL_DMA_Start_IT
                0x080072ac       0xf0 CMakeFiles/STM32F051K8T7_CT.dir/Drivers/STM32F0xx_HAL_Driver/Src/stm32f0xx_hal_dma.c.obj
                0x080072ac                HAL_DMA_Start_IT
 .text.HAL_DMA_Abort
                0x0800739c       0x70 CMakeFiles/STM32F051K8T7_CT.dir/Drivers/STM32F0xx_HAL_Driver/Src/stm32f0xx_hal_dma.c.obj
                0x0800739c                HAL_DMA_Abort
 .text.HAL_DMA_Abort_IT
                0x0800740c       0x8a CMakeFiles/STM32F051K8T7_CT.dir/Drivers/STM32F0xx_HAL_Driver/Src/stm32f0xx_hal_dma.c.obj
                0x0800740c                HAL_DMA_Abort_IT
 .text.HAL_DMA_IRQHandler
                0x08007496      0x144 CMakeFiles/STM32F051K8T7_CT.dir/Drivers/STM32F0xx_HAL_Driver/Src/stm32f0xx_hal_dma.c.obj
                0x08007496                HAL_DMA_IRQHandler
 .text.DMA_SetConfig
                0x080075da       0x58 CMakeFiles/STM32F051K8T7_CT.dir/Drivers/STM32F0xx_HAL_Driver/Src/stm32f0xx_hal_dma.c.obj
 *fill*         0x08007632        0x2 
 .text.DMA_CalcBaseAndBitshift
                0x08007634       0x38 CMakeFiles/STM32F051K8T7_CT.dir/Drivers/STM32F0xx_HAL_Driver/Src/stm32f0xx_hal_dma.c.obj
 .text.__NVIC_EnableIRQ
                0x0800766c       0x34 CMakeFiles/STM32F051K8T7_CT.dir/Drivers/STM32F0xx_HAL_Driver/Src/stm32f0xx_hal_cortex.c.obj
 .text.__NVIC_SetPriority
                0x080076a0       0xdc CMakeFiles/STM32F051K8T7_CT.dir/Drivers/STM32F0xx_HAL_Driver/Src/stm32f0xx_hal_cortex.c.obj
 .text.SysTick_Config
                0x0800777c       0x48 CMakeFiles/STM32F051K8T7_CT.dir/Drivers/STM32F0xx_HAL_Driver/Src/stm32f0xx_hal_cortex.c.obj
 .text.HAL_NVIC_SetPriority
                0x080077c4       0x40 CMakeFiles/STM32F051K8T7_CT.dir/Drivers/STM32F0xx_HAL_Driver/Src/stm32f0xx_hal_cortex.c.obj
                0x080077c4                HAL_NVIC_SetPriority
 .text.HAL_NVIC_EnableIRQ
                0x08007804       0x38 CMakeFiles/STM32F051K8T7_CT.dir/Drivers/STM32F0xx_HAL_Driver/Src/stm32f0xx_hal_cortex.c.obj
                0x08007804                HAL_NVIC_EnableIRQ
 .text.HAL_SYSTICK_Config
                0x0800783c       0x1a CMakeFiles/STM32F051K8T7_CT.dir/Drivers/STM32F0xx_HAL_Driver/Src/stm32f0xx_hal_cortex.c.obj
                0x0800783c                HAL_SYSTICK_Config
 *fill*         0x08007856        0x2 
 .text.HAL_TIM_Base_Init
                0x08007858      0x1f4 CMakeFiles/STM32F051K8T7_CT.dir/Drivers/STM32F0xx_HAL_Driver/Src/stm32f0xx_hal_tim.c.obj
                0x08007858                HAL_TIM_Base_Init
 .text.HAL_TIM_Base_Start_IT
                0x08007a4c      0x118 CMakeFiles/STM32F051K8T7_CT.dir/Drivers/STM32F0xx_HAL_Driver/Src/stm32f0xx_hal_tim.c.obj
                0x08007a4c                HAL_TIM_Base_Start_IT
 .text.HAL_TIM_IRQHandler
                0x08007b64      0x1dc CMakeFiles/STM32F051K8T7_CT.dir/Drivers/STM32F0xx_HAL_Driver/Src/stm32f0xx_hal_tim.c.obj
                0x08007b64                HAL_TIM_IRQHandler
 .text.HAL_TIM_ConfigClockSource
                0x08007d40      0x628 CMakeFiles/STM32F051K8T7_CT.dir/Drivers/STM32F0xx_HAL_Driver/Src/stm32f0xx_hal_tim.c.obj
                0x08007d40                HAL_TIM_ConfigClockSource
 .text.HAL_TIM_OC_DelayElapsedCallback
                0x08008368       0x10 CMakeFiles/STM32F051K8T7_CT.dir/Drivers/STM32F0xx_HAL_Driver/Src/stm32f0xx_hal_tim.c.obj
                0x08008368                HAL_TIM_OC_DelayElapsedCallback
 .text.HAL_TIM_IC_CaptureCallback
                0x08008378       0x10 CMakeFiles/STM32F051K8T7_CT.dir/Drivers/STM32F0xx_HAL_Driver/Src/stm32f0xx_hal_tim.c.obj
                0x08008378                HAL_TIM_IC_CaptureCallback
 .text.HAL_TIM_PWM_PulseFinishedCallback
                0x08008388       0x10 CMakeFiles/STM32F051K8T7_CT.dir/Drivers/STM32F0xx_HAL_Driver/Src/stm32f0xx_hal_tim.c.obj
                0x08008388                HAL_TIM_PWM_PulseFinishedCallback
 .text.HAL_TIM_TriggerCallback
                0x08008398       0x10 CMakeFiles/STM32F051K8T7_CT.dir/Drivers/STM32F0xx_HAL_Driver/Src/stm32f0xx_hal_tim.c.obj
                0x08008398                HAL_TIM_TriggerCallback
 .text.TIM_Base_SetConfig
                0x080083a8      0x11c CMakeFiles/STM32F051K8T7_CT.dir/Drivers/STM32F0xx_HAL_Driver/Src/stm32f0xx_hal_tim.c.obj
                0x080083a8                TIM_Base_SetConfig
 .text.TIM_TI1_ConfigInputStage
                0x080084c4       0x5c CMakeFiles/STM32F051K8T7_CT.dir/Drivers/STM32F0xx_HAL_Driver/Src/stm32f0xx_hal_tim.c.obj
 .text.TIM_TI2_ConfigInputStage
                0x08008520       0x64 CMakeFiles/STM32F051K8T7_CT.dir/Drivers/STM32F0xx_HAL_Driver/Src/stm32f0xx_hal_tim.c.obj
 .text.TIM_ITRx_SetConfig
                0x08008584       0x32 CMakeFiles/STM32F051K8T7_CT.dir/Drivers/STM32F0xx_HAL_Driver/Src/stm32f0xx_hal_tim.c.obj
 *fill*         0x080085b6        0x2 
 .text.TIM_ETR_SetConfig
                0x080085b8       0x40 CMakeFiles/STM32F051K8T7_CT.dir/Drivers/STM32F0xx_HAL_Driver/Src/stm32f0xx_hal_tim.c.obj
                0x080085b8                TIM_ETR_SetConfig
 .text.HAL_TIMEx_MasterConfigSynchronization
                0x080085f8      0x178 CMakeFiles/STM32F051K8T7_CT.dir/Drivers/STM32F0xx_HAL_Driver/Src/stm32f0xx_hal_tim_ex.c.obj
                0x080085f8                HAL_TIMEx_MasterConfigSynchronization
 .text.HAL_TIMEx_CommutCallback
                0x08008770       0x10 CMakeFiles/STM32F051K8T7_CT.dir/Drivers/STM32F0xx_HAL_Driver/Src/stm32f0xx_hal_tim_ex.c.obj
                0x08008770                HAL_TIMEx_CommutCallback
 .text.HAL_TIMEx_BreakCallback
                0x08008780       0x10 CMakeFiles/STM32F051K8T7_CT.dir/Drivers/STM32F0xx_HAL_Driver/Src/stm32f0xx_hal_tim_ex.c.obj
                0x08008780                HAL_TIMEx_BreakCallback
 .text.HAL_UART_Init
                0x08008790      0x104 CMakeFiles/STM32F051K8T7_CT.dir/Drivers/STM32F0xx_HAL_Driver/Src/stm32f0xx_hal_uart.c.obj
                0x08008790                HAL_UART_Init
 .text.HAL_UART_Receive_IT
                0x08008894       0xae CMakeFiles/STM32F051K8T7_CT.dir/Drivers/STM32F0xx_HAL_Driver/Src/stm32f0xx_hal_uart.c.obj
                0x08008894                HAL_UART_Receive_IT
 *fill*         0x08008942        0x2 
 .text.HAL_UART_Transmit_DMA
                0x08008944      0x120 CMakeFiles/STM32F051K8T7_CT.dir/Drivers/STM32F0xx_HAL_Driver/Src/stm32f0xx_hal_uart.c.obj
                0x08008944                HAL_UART_Transmit_DMA
 .text.HAL_UART_IRQHandler
                0x08008a64      0x5c0 CMakeFiles/STM32F051K8T7_CT.dir/Drivers/STM32F0xx_HAL_Driver/Src/stm32f0xx_hal_uart.c.obj
                0x08008a64                HAL_UART_IRQHandler
 .text.HAL_UART_TxCpltCallback
                0x08009024       0x10 CMakeFiles/STM32F051K8T7_CT.dir/Drivers/STM32F0xx_HAL_Driver/Src/stm32f0xx_hal_uart.c.obj
                0x08009024                HAL_UART_TxCpltCallback
 .text.HAL_UART_TxHalfCpltCallback
                0x08009034       0x10 CMakeFiles/STM32F051K8T7_CT.dir/Drivers/STM32F0xx_HAL_Driver/Src/stm32f0xx_hal_uart.c.obj
                0x08009034                HAL_UART_TxHalfCpltCallback
 .text.HAL_UART_ErrorCallback
                0x08009044       0x10 CMakeFiles/STM32F051K8T7_CT.dir/Drivers/STM32F0xx_HAL_Driver/Src/stm32f0xx_hal_uart.c.obj
                0x08009044                HAL_UART_ErrorCallback
 .text.HAL_UARTEx_RxEventCallback
                0x08009054       0x16 CMakeFiles/STM32F051K8T7_CT.dir/Drivers/STM32F0xx_HAL_Driver/Src/stm32f0xx_hal_uart.c.obj
                0x08009054                HAL_UARTEx_RxEventCallback
 *fill*         0x0800906a        0x2 
 .text.UART_SetConfig
                0x0800906c      0x3d8 CMakeFiles/STM32F051K8T7_CT.dir/Drivers/STM32F0xx_HAL_Driver/Src/stm32f0xx_hal_uart.c.obj
                0x0800906c                UART_SetConfig
 .text.UART_AdvFeatureConfig
                0x08009444      0x300 CMakeFiles/STM32F051K8T7_CT.dir/Drivers/STM32F0xx_HAL_Driver/Src/stm32f0xx_hal_uart.c.obj
                0x08009444                UART_AdvFeatureConfig
 .text.UART_CheckIdleState
                0x08009744      0x150 CMakeFiles/STM32F051K8T7_CT.dir/Drivers/STM32F0xx_HAL_Driver/Src/stm32f0xx_hal_uart.c.obj
                0x08009744                UART_CheckIdleState
 .text.UART_WaitOnFlagUntilTimeout
                0x08009894       0xde CMakeFiles/STM32F051K8T7_CT.dir/Drivers/STM32F0xx_HAL_Driver/Src/stm32f0xx_hal_uart.c.obj
                0x08009894                UART_WaitOnFlagUntilTimeout
 *fill*         0x08009972        0x2 
 .text.UART_Start_Receive_IT
                0x08009974      0x16c CMakeFiles/STM32F051K8T7_CT.dir/Drivers/STM32F0xx_HAL_Driver/Src/stm32f0xx_hal_uart.c.obj
                0x08009974                UART_Start_Receive_IT
 .text.UART_EndTxTransfer
                0x08009ae0       0x48 CMakeFiles/STM32F051K8T7_CT.dir/Drivers/STM32F0xx_HAL_Driver/Src/stm32f0xx_hal_uart.c.obj
 .text.UART_EndRxTransfer
                0x08009b28       0xc8 CMakeFiles/STM32F051K8T7_CT.dir/Drivers/STM32F0xx_HAL_Driver/Src/stm32f0xx_hal_uart.c.obj
 .text.UART_DMATransmitCplt
                0x08009bf0       0x94 CMakeFiles/STM32F051K8T7_CT.dir/Drivers/STM32F0xx_HAL_Driver/Src/stm32f0xx_hal_uart.c.obj
 .text.UART_DMATxHalfCplt
                0x08009c84       0x1e CMakeFiles/STM32F051K8T7_CT.dir/Drivers/STM32F0xx_HAL_Driver/Src/stm32f0xx_hal_uart.c.obj
 .text.UART_DMAError
                0x08009ca2       0x84 CMakeFiles/STM32F051K8T7_CT.dir/Drivers/STM32F0xx_HAL_Driver/Src/stm32f0xx_hal_uart.c.obj
 .text.UART_DMAAbortOnError
                0x08009d26       0x2e CMakeFiles/STM32F051K8T7_CT.dir/Drivers/STM32F0xx_HAL_Driver/Src/stm32f0xx_hal_uart.c.obj
 .text.UART_EndTransmit_IT
                0x08009d54       0x56 CMakeFiles/STM32F051K8T7_CT.dir/Drivers/STM32F0xx_HAL_Driver/Src/stm32f0xx_hal_uart.c.obj
 *fill*         0x08009daa        0x2 
 .text.UART_RxISR_8BIT
                0x08009dac      0x1b8 CMakeFiles/STM32F051K8T7_CT.dir/Drivers/STM32F0xx_HAL_Driver/Src/stm32f0xx_hal_uart.c.obj
 .text.UART_RxISR_16BIT
                0x08009f64      0x1b8 CMakeFiles/STM32F051K8T7_CT.dir/Drivers/STM32F0xx_HAL_Driver/Src/stm32f0xx_hal_uart.c.obj
 .text.HAL_RS485Ex_Init
                0x0800a11c      0x144 CMakeFiles/STM32F051K8T7_CT.dir/Drivers/STM32F0xx_HAL_Driver/Src/stm32f0xx_hal_uart_ex.c.obj
                0x0800a11c                HAL_RS485Ex_Init
 .text.HAL_UARTEx_WakeupCallback
                0x0800a260       0x10 CMakeFiles/STM32F051K8T7_CT.dir/Drivers/STM32F0xx_HAL_Driver/Src/stm32f0xx_hal_uart_ex.c.obj
                0x0800a260                HAL_UARTEx_WakeupCallback
 .text.SystemInit
                0x0800a270        0xa CMakeFiles/STM32F051K8T7_CT.dir/Core/Src/system_stm32f0xx.c.obj
                0x0800a270                SystemInit
 *fill*         0x0800a27a        0x2 
 .text._sbrk    0x0800a27c       0x6c CMakeFiles/STM32F051K8T7_CT.dir/Core/Src/sysmem.c.obj
                0x0800a27c                _sbrk
 .text._read    0x0800a2e8       0x3a CMakeFiles/STM32F051K8T7_CT.dir/Core/Src/syscalls.c.obj
                0x0800a2e8                _read
 .text._write   0x0800a322       0x38 CMakeFiles/STM32F051K8T7_CT.dir/Core/Src/syscalls.c.obj
                0x0800a322                _write
 .text._close   0x0800a35a       0x14 CMakeFiles/STM32F051K8T7_CT.dir/Core/Src/syscalls.c.obj
                0x0800a35a                _close
 .text._fstat   0x0800a36e       0x1c CMakeFiles/STM32F051K8T7_CT.dir/Core/Src/syscalls.c.obj
                0x0800a36e                _fstat
 .text._isatty  0x0800a38a       0x12 CMakeFiles/STM32F051K8T7_CT.dir/Core/Src/syscalls.c.obj
                0x0800a38a                _isatty
 .text._lseek   0x0800a39c       0x16 CMakeFiles/STM32F051K8T7_CT.dir/Core/Src/syscalls.c.obj
                0x0800a39c                _lseek
 *fill*         0x0800a3b2        0x2 
 .text.Reset_Handler
                0x0800a3b4       0x50 CMakeFiles/STM32F051K8T7_CT.dir/startup_stm32f051x8.s.obj
                0x0800a3b4                Reset_Handler
 .text.Default_Handler
                0x0800a404        0x2 CMakeFiles/STM32F051K8T7_CT.dir/startup_stm32f051x8.s.obj
                0x0800a404                TIM1_CC_IRQHandler
                0x0800a404                TSC_IRQHandler
                0x0800a404                ADC1_COMP_IRQHandler
                0x0800a404                PVD_IRQHandler
                0x0800a404                I2C1_IRQHandler
                0x0800a404                RCC_CRS_IRQHandler
                0x0800a404                SPI1_IRQHandler
                0x0800a404                TIM6_DAC_IRQHandler
                0x0800a404                EXTI2_3_IRQHandler
                0x0800a404                I2C2_IRQHandler
                0x0800a404                TIM17_IRQHandler
                0x0800a404                CEC_CAN_IRQHandler
                0x0800a404                RTC_IRQHandler
                0x0800a404                TIM16_IRQHandler
                0x0800a404                EXTI4_15_IRQHandler
                0x0800a404                Default_Handler
                0x0800a404                TIM14_IRQHandler
                0x0800a404                TIM15_IRQHandler
                0x0800a404                EXTI0_1_IRQHandler
                0x0800a404                SPI2_IRQHandler
                0x0800a404                WWDG_IRQHandler
                0x0800a404                TIM2_IRQHandler
                0x0800a404                FLASH_IRQHandler
                0x0800a404                TIM1_BRK_UP_TRG_COM_IRQHandler
 *fill*         0x0800a406        0x2 
 .text.printf   0x0800a408       0x20 C:/ST/STM32CubeCLT_1.15.1/GNU-tools-for-STM32/bin/../lib/gcc/arm-none-eabi/12.3.1/../../../../arm-none-eabi/lib/thumb/v6-m/nofp\libg_nano.a(libc_a-printf.o)
                0x0800a408                iprintf
                0x0800a408                printf
 .text.snprintf
                0x0800a428       0x68 C:/ST/STM32CubeCLT_1.15.1/GNU-tools-for-STM32/bin/../lib/gcc/arm-none-eabi/12.3.1/../../../../arm-none-eabi/lib/thumb/v6-m/nofp\libg_nano.a(libc_a-snprintf.o)
                0x0800a428                sniprintf
                0x0800a428                snprintf
 .text.__errno  0x0800a490        0xc C:/ST/STM32CubeCLT_1.15.1/GNU-tools-for-STM32/bin/../lib/gcc/arm-none-eabi/12.3.1/../../../../arm-none-eabi/lib/thumb/v6-m/nofp\libg_nano.a(libc_a-errno.o)
                0x0800a490                __errno
 .text.__ssputs_r
                0x0800a49c       0xc0 C:/ST/STM32CubeCLT_1.15.1/GNU-tools-for-STM32/bin/../lib/gcc/arm-none-eabi/12.3.1/../../../../arm-none-eabi/lib/thumb/v6-m/nofp\libg_nano.a(libc_a-nano-svfprintf.o)
                0x0800a49c                __ssputs_r
 .text._svfprintf_r
                0x0800a55c      0x1fc C:/ST/STM32CubeCLT_1.15.1/GNU-tools-for-STM32/bin/../lib/gcc/arm-none-eabi/12.3.1/../../../../arm-none-eabi/lib/thumb/v6-m/nofp\libg_nano.a(libc_a-nano-svfprintf.o)
                0x0800a55c                _svfiprintf_r
                0x0800a55c                _svfprintf_r
 .text.__sfputc_r
                0x0800a758       0x2a C:/ST/STM32CubeCLT_1.15.1/GNU-tools-for-STM32/bin/../lib/gcc/arm-none-eabi/12.3.1/../../../../arm-none-eabi/lib/thumb/v6-m/nofp\libg_nano.a(libc_a-nano-vfprintf.o)
 .text.__sfputs_r
                0x0800a782       0x24 C:/ST/STM32CubeCLT_1.15.1/GNU-tools-for-STM32/bin/../lib/gcc/arm-none-eabi/12.3.1/../../../../arm-none-eabi/lib/thumb/v6-m/nofp\libg_nano.a(libc_a-nano-vfprintf.o)
                0x0800a782                __sfputs_r
 *fill*         0x0800a7a6        0x2 
 .text._vfprintf_r
                0x0800a7a8      0x238 C:/ST/STM32CubeCLT_1.15.1/GNU-tools-for-STM32/bin/../lib/gcc/arm-none-eabi/12.3.1/../../../../arm-none-eabi/lib/thumb/v6-m/nofp\libg_nano.a(libc_a-nano-vfprintf.o)
                0x0800a7a8                _vfprintf_r
                0x0800a7a8                _vfiprintf_r
 .text._printf_common
                0x0800a9e0       0xde C:/ST/STM32CubeCLT_1.15.1/GNU-tools-for-STM32/bin/../lib/gcc/arm-none-eabi/12.3.1/../../../../arm-none-eabi/lib/thumb/v6-m/nofp\libg_nano.a(libc_a-nano-vfprintf_i.o)
                0x0800a9e0                _printf_common
 *fill*         0x0800aabe        0x2 
 .text._printf_i
                0x0800aac0      0x21c C:/ST/STM32CubeCLT_1.15.1/GNU-tools-for-STM32/bin/../lib/gcc/arm-none-eabi/12.3.1/../../../../arm-none-eabi/lib/thumb/v6-m/nofp\libg_nano.a(libc_a-nano-vfprintf_i.o)
                0x0800aac0                _printf_i
 .text.__swbuf_r
                0x0800acdc       0x84 C:/ST/STM32CubeCLT_1.15.1/GNU-tools-for-STM32/bin/../lib/gcc/arm-none-eabi/12.3.1/../../../../arm-none-eabi/lib/thumb/v6-m/nofp\libg_nano.a(libc_a-wbuf.o)
                0x0800acdc                __swbuf_r
 .text.__swsetup_r
                0x0800ad60       0xbc C:/ST/STM32CubeCLT_1.15.1/GNU-tools-for-STM32/bin/../lib/gcc/arm-none-eabi/12.3.1/../../../../arm-none-eabi/lib/thumb/v6-m/nofp\libg_nano.a(libc_a-wsetup.o)
                0x0800ad60                __swsetup_r
 .text.memmove  0x0800ae1c       0x26 C:/ST/STM32CubeCLT_1.15.1/GNU-tools-for-STM32/bin/../lib/gcc/arm-none-eabi/12.3.1/../../../../arm-none-eabi/lib/thumb/v6-m/nofp\libg_nano.a(libc_a-memmove.o)
                0x0800ae1c                memmove
 .text.memchr   0x0800ae42       0x16 C:/ST/STM32CubeCLT_1.15.1/GNU-tools-for-STM32/bin/../lib/gcc/arm-none-eabi/12.3.1/../../../../arm-none-eabi/lib/thumb/v6-m/nofp\libg_nano.a(libc_a-memchr-stub.o)
                0x0800ae42                memchr
 .text.memcpy   0x0800ae58       0x12 C:/ST/STM32CubeCLT_1.15.1/GNU-tools-for-STM32/bin/../lib/gcc/arm-none-eabi/12.3.1/../../../../arm-none-eabi/lib/thumb/v6-m/nofp\libg_nano.a(libc_a-memcpy-stub.o)
                0x0800ae58                memcpy
 .text._realloc_r
                0x0800ae6a       0x5e C:/ST/STM32CubeCLT_1.15.1/GNU-tools-for-STM32/bin/../lib/gcc/arm-none-eabi/12.3.1/../../../../arm-none-eabi/lib/thumb/v6-m/nofp\libg_nano.a(libc_a-reallocr.o)
                0x0800ae6a                _realloc_r
 .text.__swhatbuf_r
                0x0800aec8       0x54 C:/ST/STM32CubeCLT_1.15.1/GNU-tools-for-STM32/bin/../lib/gcc/arm-none-eabi/12.3.1/../../../../arm-none-eabi/lib/thumb/v6-m/nofp\libg_nano.a(libc_a-makebuf.o)
                0x0800aec8                __swhatbuf_r
 .text.__smakebuf_r
                0x0800af1c       0x82 C:/ST/STM32CubeCLT_1.15.1/GNU-tools-for-STM32/bin/../lib/gcc/arm-none-eabi/12.3.1/../../../../arm-none-eabi/lib/thumb/v6-m/nofp\libg_nano.a(libc_a-makebuf.o)
                0x0800af1c                __smakebuf_r
 *fill*         0x0800af9e        0x2 
 .text._fstat_r
                0x0800afa0       0x24 C:/ST/STM32CubeCLT_1.15.1/GNU-tools-for-STM32/bin/../lib/gcc/arm-none-eabi/12.3.1/../../../../arm-none-eabi/lib/thumb/v6-m/nofp\libg_nano.a(libc_a-fstatr.o)
                0x0800afa0                _fstat_r
 .text._isatty_r
                0x0800afc4       0x24 C:/ST/STM32CubeCLT_1.15.1/GNU-tools-for-STM32/bin/../lib/gcc/arm-none-eabi/12.3.1/../../../../arm-none-eabi/lib/thumb/v6-m/nofp\libg_nano.a(libc_a-isattyr.o)
                0x0800afc4                _isatty_r
 .text._malloc_usable_size_r
                0x0800afe8       0x10 C:/ST/STM32CubeCLT_1.15.1/GNU-tools-for-STM32/bin/../lib/gcc/arm-none-eabi/12.3.1/../../../../arm-none-eabi/lib/thumb/v6-m/nofp\libg_nano.a(libc_a-msizer.o)
                0x0800afe8                _malloc_usable_size_r
 .text.sqrt     0x0800aff8       0x4c C:/ST/STM32CubeCLT_1.15.1/GNU-tools-for-STM32/bin/../lib/gcc/arm-none-eabi/12.3.1/../../../../arm-none-eabi/lib/thumb/v6-m/nofp\libm.a(libm_a-w_sqrt.o)
                0x0800aff8                sqrt
 .text.__ieee754_sqrt
                0x0800b044      0x1d0 C:/ST/STM32CubeCLT_1.15.1/GNU-tools-for-STM32/bin/../lib/gcc/arm-none-eabi/12.3.1/../../../../arm-none-eabi/lib/thumb/v6-m/nofp\libm.a(libm_a-e_sqrt.o)
                0x0800b044                __ieee754_sqrt
 *(.glue_7)
 .glue_7        0x0800b214        0x0 linker stubs
 *(.glue_7t)
 .glue_7t       0x0800b214        0x0 linker stubs
 *(.eh_frame)
 .eh_frame      0x0800b214        0x0 C:/ST/STM32CubeCLT_1.15.1/GNU-tools-for-STM32/bin/../lib/gcc/arm-none-eabi/12.3.1/thumb/v6-m/nofp/crtbegin.o
 *(.init)
 .init          0x0800b214        0x4 C:/ST/STM32CubeCLT_1.15.1/GNU-tools-for-STM32/bin/../lib/gcc/arm-none-eabi/12.3.1/thumb/v6-m/nofp/crti.o
                0x0800b214                _init
 .init          0x0800b218        0x8 C:/ST/STM32CubeCLT_1.15.1/GNU-tools-for-STM32/bin/../lib/gcc/arm-none-eabi/12.3.1/thumb/v6-m/nofp/crtn.o
 *(.fini)
 .fini          0x0800b220        0x4 C:/ST/STM32CubeCLT_1.15.1/GNU-tools-for-STM32/bin/../lib/gcc/arm-none-eabi/12.3.1/thumb/v6-m/nofp/crti.o
                0x0800b220                _fini
 .fini          0x0800b224        0x8 C:/ST/STM32CubeCLT_1.15.1/GNU-tools-for-STM32/bin/../lib/gcc/arm-none-eabi/12.3.1/thumb/v6-m/nofp/crtn.o
                0x0800b22c                        . = ALIGN (0x4)
                0x0800b22c                        _etext = .

.vfp11_veneer   0x0800b22c        0x0
 .vfp11_veneer  0x0800b22c        0x0 linker stubs

.v4_bx          0x0800b22c        0x0
 .v4_bx         0x0800b22c        0x0 linker stubs

.iplt           0x0800b22c        0x0
 .iplt          0x0800b22c        0x0 C:/ST/STM32CubeCLT_1.15.1/GNU-tools-for-STM32/bin/../lib/gcc/arm-none-eabi/12.3.1/thumb/v6-m/nofp/crtbegin.o

.rodata         0x0800b22c      0x7bc
                0x0800b22c                        . = ALIGN (0x4)
 *(.rodata)
 .rodata        0x0800b22c      0x15a CMakeFiles/STM32F051K8T7_CT.dir/Core/Src/main.c.obj
 *fill*         0x0800b386        0x2 
 .rodata        0x0800b388       0x6d CMakeFiles/STM32F051K8T7_CT.dir/Drivers/STM32F0xx_HAL_Driver/Src/stm32f0xx_hal_adc.c.obj
 *fill*         0x0800b3f5        0x3 
 .rodata        0x0800b3f8       0x70 CMakeFiles/STM32F051K8T7_CT.dir/Drivers/STM32F0xx_HAL_Driver/Src/stm32f0xx_hal_adc_ex.c.obj
 .rodata        0x0800b468       0x6d CMakeFiles/STM32F051K8T7_CT.dir/Drivers/STM32F0xx_HAL_Driver/Src/stm32f0xx_hal_rcc.c.obj
 *fill*         0x0800b4d5        0x3 
 .rodata        0x0800b4d8       0x70 CMakeFiles/STM32F051K8T7_CT.dir/Drivers/STM32F0xx_HAL_Driver/Src/stm32f0xx_hal_rcc_ex.c.obj
 .rodata        0x0800b548       0x6d CMakeFiles/STM32F051K8T7_CT.dir/Drivers/STM32F0xx_HAL_Driver/Src/stm32f0xx_hal_i2c.c.obj
 *fill*         0x0800b5b5        0x3 
 .rodata        0x0800b5b8       0x70 CMakeFiles/STM32F051K8T7_CT.dir/Drivers/STM32F0xx_HAL_Driver/Src/stm32f0xx_hal_i2c_ex.c.obj
 .rodata        0x0800b628       0x6e CMakeFiles/STM32F051K8T7_CT.dir/Drivers/STM32F0xx_HAL_Driver/Src/stm32f0xx_hal_gpio.c.obj
 *fill*         0x0800b696        0x2 
 .rodata        0x0800b698       0x6d CMakeFiles/STM32F051K8T7_CT.dir/Drivers/STM32F0xx_HAL_Driver/Src/stm32f0xx_hal_dma.c.obj
 *fill*         0x0800b705        0x3 
 .rodata        0x0800b708       0x70 CMakeFiles/STM32F051K8T7_CT.dir/Drivers/STM32F0xx_HAL_Driver/Src/stm32f0xx_hal_cortex.c.obj
 .rodata        0x0800b778       0x6d CMakeFiles/STM32F051K8T7_CT.dir/Drivers/STM32F0xx_HAL_Driver/Src/stm32f0xx_hal_tim.c.obj
 *fill*         0x0800b7e5        0x3 
 .rodata        0x0800b7e8       0x70 CMakeFiles/STM32F051K8T7_CT.dir/Drivers/STM32F0xx_HAL_Driver/Src/stm32f0xx_hal_tim_ex.c.obj
 .rodata        0x0800b858       0x6e CMakeFiles/STM32F051K8T7_CT.dir/Drivers/STM32F0xx_HAL_Driver/Src/stm32f0xx_hal_uart.c.obj
 *fill*         0x0800b8c6        0x2 
 .rodata        0x0800b8c8       0x71 CMakeFiles/STM32F051K8T7_CT.dir/Drivers/STM32F0xx_HAL_Driver/Src/stm32f0xx_hal_uart_ex.c.obj
 *fill*         0x0800b939        0x3 
 .rodata        0x0800b93c       0x40 C:/ST/STM32CubeCLT_1.15.1/GNU-tools-for-STM32/bin/../lib/gcc/arm-none-eabi/12.3.1/thumb/v6-m/nofp\libgcc.a(divdf3.o)
 *(.rodata*)
 .rodata.aPLLMULFactorTable.1
                0x0800b97c       0x10 CMakeFiles/STM32F051K8T7_CT.dir/Drivers/STM32F0xx_HAL_Driver/Src/stm32f0xx_hal_rcc.c.obj
 .rodata.aPredivFactorTable.0
                0x0800b98c       0x10 CMakeFiles/STM32F051K8T7_CT.dir/Drivers/STM32F0xx_HAL_Driver/Src/stm32f0xx_hal_rcc.c.obj
 .rodata.AHBPrescTable
                0x0800b99c       0x10 CMakeFiles/STM32F051K8T7_CT.dir/Core/Src/system_stm32f0xx.c.obj
                0x0800b99c                AHBPrescTable
 .rodata.APBPrescTable
                0x0800b9ac        0x8 CMakeFiles/STM32F051K8T7_CT.dir/Core/Src/system_stm32f0xx.c.obj
                0x0800b9ac                APBPrescTable
 .rodata._svfprintf_r.str1.1
                0x0800b9b4       0x11 C:/ST/STM32CubeCLT_1.15.1/GNU-tools-for-STM32/bin/../lib/gcc/arm-none-eabi/12.3.1/../../../../arm-none-eabi/lib/thumb/v6-m/nofp\libg_nano.a(libc_a-nano-svfprintf.o)
 .rodata._vfprintf_r.str1.1
                0x0800b9c5       0x11 C:/ST/STM32CubeCLT_1.15.1/GNU-tools-for-STM32/bin/../lib/gcc/arm-none-eabi/12.3.1/../../../../arm-none-eabi/lib/thumb/v6-m/nofp\libg_nano.a(libc_a-nano-vfprintf.o)
 .rodata._printf_i.str1.1
                0x0800b9c5       0x22 C:/ST/STM32CubeCLT_1.15.1/GNU-tools-for-STM32/bin/../lib/gcc/arm-none-eabi/12.3.1/../../../../arm-none-eabi/lib/thumb/v6-m/nofp\libg_nano.a(libc_a-nano-vfprintf_i.o)
                0x0800b9e8                        . = ALIGN (0x4)
 *fill*         0x0800b9e7        0x1 

.rel.dyn        0x0800b9e8        0x0
 .rel.iplt      0x0800b9e8        0x0 C:/ST/STM32CubeCLT_1.15.1/GNU-tools-for-STM32/bin/../lib/gcc/arm-none-eabi/12.3.1/thumb/v6-m/nofp/crtbegin.o

.ARM.extab
 *(.ARM.extab* .gnu.linkonce.armextab.*)

.ARM            0x0800b9e8        0x0
                0x0800b9e8                        __exidx_start = .
 *(.ARM.exidx*)
                0x0800b9e8                        __exidx_end = .

.preinit_array  0x0800b9e8        0x0
                0x0800b9e8                        PROVIDE (__preinit_array_start = .)
 *(.preinit_array*)
                0x0800b9e8                        PROVIDE (__preinit_array_end = .)

.init_array     0x0800b9e8        0x4
                0x0800b9e8                        PROVIDE (__init_array_start = .)
 *(SORT_BY_NAME(.init_array.*))
 *(.init_array*)
 .init_array    0x0800b9e8        0x4 C:/ST/STM32CubeCLT_1.15.1/GNU-tools-for-STM32/bin/../lib/gcc/arm-none-eabi/12.3.1/thumb/v6-m/nofp/crtbegin.o
                0x0800b9ec                        PROVIDE (__init_array_end = .)

.fini_array     0x0800b9ec        0x4
                [!provide]                        PROVIDE (__fini_array_start = .)
 *(SORT_BY_NAME(.fini_array.*))
 *(.fini_array*)
 .fini_array    0x0800b9ec        0x4 C:/ST/STM32CubeCLT_1.15.1/GNU-tools-for-STM32/bin/../lib/gcc/arm-none-eabi/12.3.1/thumb/v6-m/nofp/crtbegin.o
                [!provide]                        PROVIDE (__fini_array_end = .)
                0x0800b9f0                        _sidata = LOADADDR (.data)

.data           0x20000000       0x80 load address 0x0800b9f0
                0x20000000                        . = ALIGN (0x4)
                0x20000000                        _sdata = .
 *(.data)
 *(.data*)
 .data.__sglue  0x20000000        0xc C:/ST/STM32CubeCLT_1.15.1/GNU-tools-for-STM32/bin/../lib/gcc/arm-none-eabi/12.3.1/../../../../arm-none-eabi/lib/thumb/v6-m/nofp\libc_nano.a(libc_a-findfp.o)
                0x20000000                __sglue
 .data._impure_ptr
                0x2000000c        0x4 C:/ST/STM32CubeCLT_1.15.1/GNU-tools-for-STM32/bin/../lib/gcc/arm-none-eabi/12.3.1/../../../../arm-none-eabi/lib/thumb/v6-m/nofp\libc_nano.a(libc_a-impure.o)
                0x2000000c                _impure_ptr
 .data._impure_data
                0x20000010       0x4c C:/ST/STM32CubeCLT_1.15.1/GNU-tools-for-STM32/bin/../lib/gcc/arm-none-eabi/12.3.1/../../../../arm-none-eabi/lib/thumb/v6-m/nofp\libc_nano.a(libc_a-impure.o)
                0x20000010                _impure_data
 .data.adcCnt   0x2000005c        0x2 CMakeFiles/STM32F051K8T7_CT.dir/Core/Src/main.c.obj
                0x2000005c                adcCnt
 *fill*         0x2000005e        0x2 
 .data.uwTickPrio
                0x20000060        0x4 CMakeFiles/STM32F051K8T7_CT.dir/Drivers/STM32F0xx_HAL_Driver/Src/stm32f0xx_hal.c.obj
                0x20000060                uwTickPrio
 .data.uwTickFreq
                0x20000064        0x1 CMakeFiles/STM32F051K8T7_CT.dir/Drivers/STM32F0xx_HAL_Driver/Src/stm32f0xx_hal.c.obj
                0x20000064                uwTickFreq
 *fill*         0x20000065        0x3 
 .data.SystemCoreClock
                0x20000068        0x4 CMakeFiles/STM32F051K8T7_CT.dir/Core/Src/system_stm32f0xx.c.obj
                0x20000068                SystemCoreClock
 *fill*         0x2000006c        0x4 
 .data.tiny     0x20000070        0x8 C:/ST/STM32CubeCLT_1.15.1/GNU-tools-for-STM32/bin/../lib/gcc/arm-none-eabi/12.3.1/../../../../arm-none-eabi/lib/thumb/v6-m/nofp\libm.a(libm_a-e_sqrt.o)
 .data.one      0x20000078        0x8 C:/ST/STM32CubeCLT_1.15.1/GNU-tools-for-STM32/bin/../lib/gcc/arm-none-eabi/12.3.1/../../../../arm-none-eabi/lib/thumb/v6-m/nofp\libm.a(libm_a-e_sqrt.o)
                0x20000080                        . = ALIGN (0x4)
                0x20000080                        _edata = .

.igot.plt       0x20000080        0x0 load address 0x0800ba70
 .igot.plt      0x20000080        0x0 C:/ST/STM32CubeCLT_1.15.1/GNU-tools-for-STM32/bin/../lib/gcc/arm-none-eabi/12.3.1/thumb/v6-m/nofp/crtbegin.o
                0x20000080                        . = ALIGN (0x4)

.bss            0x20000080      0x724 load address 0x0800ba70
                0x20000080                        _sbss = .
                0x20000080                        __bss_start__ = _sbss
 *(.bss)
 .bss           0x20000080       0x1c C:/ST/STM32CubeCLT_1.15.1/GNU-tools-for-STM32/bin/../lib/gcc/arm-none-eabi/12.3.1/thumb/v6-m/nofp/crtbegin.o
 *(.bss*)
 .bss.__sf      0x2000009c      0x138 C:/ST/STM32CubeCLT_1.15.1/GNU-tools-for-STM32/bin/../lib/gcc/arm-none-eabi/12.3.1/../../../../arm-none-eabi/lib/thumb/v6-m/nofp\libc_nano.a(libc_a-findfp.o)
                0x2000009c                __sf
 .bss.__stdio_exit_handler
                0x200001d4        0x4 C:/ST/STM32CubeCLT_1.15.1/GNU-tools-for-STM32/bin/../lib/gcc/arm-none-eabi/12.3.1/../../../../arm-none-eabi/lib/thumb/v6-m/nofp\libc_nano.a(libc_a-findfp.o)
                0x200001d4                __stdio_exit_handler
 .bss.errno     0x200001d8        0x4 C:/ST/STM32CubeCLT_1.15.1/GNU-tools-for-STM32/bin/../lib/gcc/arm-none-eabi/12.3.1/../../../../arm-none-eabi/lib/thumb/v6-m/nofp\libc_nano.a(libc_a-reent.o)
                0x200001d8                errno
 .bss.__lock___malloc_recursive_mutex
                0x200001dc        0x1 C:/ST/STM32CubeCLT_1.15.1/GNU-tools-for-STM32/bin/../lib/gcc/arm-none-eabi/12.3.1/../../../../arm-none-eabi/lib/thumb/v6-m/nofp\libc_nano.a(libc_a-lock.o)
                0x200001dc                __lock___malloc_recursive_mutex
 .bss.__lock___sfp_recursive_mutex
                0x200001dd        0x1 C:/ST/STM32CubeCLT_1.15.1/GNU-tools-for-STM32/bin/../lib/gcc/arm-none-eabi/12.3.1/../../../../arm-none-eabi/lib/thumb/v6-m/nofp\libc_nano.a(libc_a-lock.o)
                0x200001dd                __lock___sfp_recursive_mutex
 *fill*         0x200001de        0x2 
 .bss.__malloc_sbrk_start
                0x200001e0        0x4 C:/ST/STM32CubeCLT_1.15.1/GNU-tools-for-STM32/bin/../lib/gcc/arm-none-eabi/12.3.1/../../../../arm-none-eabi/lib/thumb/v6-m/nofp\libc_nano.a(libc_a-mallocr.o)
                0x200001e0                __malloc_sbrk_start
 .bss.__malloc_free_list
                0x200001e4        0x4 C:/ST/STM32CubeCLT_1.15.1/GNU-tools-for-STM32/bin/../lib/gcc/arm-none-eabi/12.3.1/../../../../arm-none-eabi/lib/thumb/v6-m/nofp\libc_nano.a(libc_a-mallocr.o)
                0x200001e4                __malloc_free_list
 .bss.rxData    0x200001e8        0x1 CMakeFiles/STM32F051K8T7_CT.dir/Core/Src/main.c.obj
                0x200001e8                rxData
 *fill*         0x200001e9        0x3 
 .bss.rxBuff    0x200001ec       0x1e CMakeFiles/STM32F051K8T7_CT.dir/Core/Src/main.c.obj
                0x200001ec                rxBuff
 .bss.usrData   0x2000020a        0x1 CMakeFiles/STM32F051K8T7_CT.dir/Core/Src/main.c.obj
                0x2000020a                usrData
 *fill*         0x2000020b        0x1 
 .bss.usrBuff   0x2000020c       0x1e CMakeFiles/STM32F051K8T7_CT.dir/Core/Src/main.c.obj
                0x2000020c                usrBuff
 *fill*         0x2000022a        0x2 
 .bss.txBuff    0x2000022c       0x1e CMakeFiles/STM32F051K8T7_CT.dir/Core/Src/main.c.obj
                0x2000022c                txBuff
 *fill*         0x2000024a        0x2 
 .bss.Buff      0x2000024c       0xff CMakeFiles/STM32F051K8T7_CT.dir/Core/Src/main.c.obj
                0x2000024c                Buff
 .bss.adcFlag   0x2000034b        0x1 CMakeFiles/STM32F051K8T7_CT.dir/Core/Src/main.c.obj
                0x2000034b                adcFlag
 .bss.ctFlag    0x2000034c        0x1 CMakeFiles/STM32F051K8T7_CT.dir/Core/Src/main.c.obj
                0x2000034c                ctFlag
 .bss.txFlag    0x2000034d        0x1 CMakeFiles/STM32F051K8T7_CT.dir/Core/Src/main.c.obj
                0x2000034d                txFlag
 *fill*         0x2000034e        0x2 
 .bss.I2CBuff   0x20000350       0x10 CMakeFiles/STM32F051K8T7_CT.dir/Core/Src/main.c.obj
                0x20000350                I2CBuff
 .bss.ReadI2C   0x20000360       0x10 CMakeFiles/STM32F051K8T7_CT.dir/Core/Src/main.c.obj
                0x20000360                ReadI2C
 .bss.senID     0x20000370        0x7 CMakeFiles/STM32F051K8T7_CT.dir/Core/Src/main.c.obj
                0x20000370                senID
 *fill*         0x20000377        0x1 
 .bss.adcRaw    0x20000378       0x8c CMakeFiles/STM32F051K8T7_CT.dir/Core/Src/main.c.obj
                0x20000378                adcRaw
 .bss.adcData   0x20000404        0xe CMakeFiles/STM32F051K8T7_CT.dir/Core/Src/main.c.obj
                0x20000404                adcData
 *fill*         0x20000412        0x2 
 .bss.adcAvg    0x20000414        0xe CMakeFiles/STM32F051K8T7_CT.dir/Core/Src/main.c.obj
                0x20000414                adcAvg
 *fill*         0x20000422        0x2 
 .bss.adcSqrt   0x20000424        0xe CMakeFiles/STM32F051K8T7_CT.dir/Core/Src/main.c.obj
                0x20000424                adcSqrt
 *fill*         0x20000432        0x2 
 .bss.adcSqrAvg
                0x20000434        0xe CMakeFiles/STM32F051K8T7_CT.dir/Core/Src/main.c.obj
                0x20000434                adcSqrAvg
 *fill*         0x20000442        0x2 
 .bss.ctCnt     0x20000444        0xe CMakeFiles/STM32F051K8T7_CT.dir/Core/Src/main.c.obj
                0x20000444                ctCnt
 *fill*         0x20000452        0x2 
 .bss.adcRawSum
                0x20000454       0x1c CMakeFiles/STM32F051K8T7_CT.dir/Core/Src/main.c.obj
                0x20000454                adcRawSum
 .bss.adcSum    0x20000470       0x1c CMakeFiles/STM32F051K8T7_CT.dir/Core/Src/main.c.obj
                0x20000470                adcSum
 .bss.adcSqr    0x2000048c       0x1c CMakeFiles/STM32F051K8T7_CT.dir/Core/Src/main.c.obj
                0x2000048c                adcSqr
 .bss.adcSqrSum
                0x200004a8       0x1c CMakeFiles/STM32F051K8T7_CT.dir/Core/Src/main.c.obj
                0x200004a8                adcSqrSum
 .bss.adcValue  0x200004c4       0x1c CMakeFiles/STM32F051K8T7_CT.dir/Core/Src/main.c.obj
                0x200004c4                adcValue
 .bss.cnt.0     0x200004e0        0x2 CMakeFiles/STM32F051K8T7_CT.dir/Core/Src/main.c.obj
 *fill*         0x200004e2        0x2 
 .bss.hadc      0x200004e4       0x40 CMakeFiles/STM32F051K8T7_CT.dir/Core/Src/adc.c.obj
                0x200004e4                hadc
 .bss.hdma_adc  0x20000524       0x44 CMakeFiles/STM32F051K8T7_CT.dir/Core/Src/adc.c.obj
                0x20000524                hdma_adc
 .bss.hi2c1     0x20000568       0x54 CMakeFiles/STM32F051K8T7_CT.dir/Core/Src/i2c.c.obj
                0x20000568                hi2c1
 .bss.htim3     0x200005bc       0x48 CMakeFiles/STM32F051K8T7_CT.dir/Core/Src/tim.c.obj
                0x200005bc                htim3
 .bss.huart1    0x20000604       0x88 CMakeFiles/STM32F051K8T7_CT.dir/Core/Src/usart.c.obj
                0x20000604                huart1
 .bss.huart2    0x2000068c       0x88 CMakeFiles/STM32F051K8T7_CT.dir/Core/Src/usart.c.obj
                0x2000068c                huart2
 .bss.hdma_usart1_tx
                0x20000714       0x44 CMakeFiles/STM32F051K8T7_CT.dir/Core/Src/usart.c.obj
                0x20000714                hdma_usart1_tx
 .bss.hdma_usart2_tx
                0x20000758       0x44 CMakeFiles/STM32F051K8T7_CT.dir/Core/Src/usart.c.obj
                0x20000758                hdma_usart2_tx
 .bss.uwTick    0x2000079c        0x4 CMakeFiles/STM32F051K8T7_CT.dir/Drivers/STM32F0xx_HAL_Driver/Src/stm32f0xx_hal.c.obj
                0x2000079c                uwTick
 .bss.__sbrk_heap_end
                0x200007a0        0x4 CMakeFiles/STM32F051K8T7_CT.dir/Core/Src/sysmem.c.obj
 *(COMMON)
                0x200007a4                        . = ALIGN (0x4)
                0x200007a4                        _ebss = .
                0x200007a4                        __bss_end__ = _ebss

._user_heap_stack
                0x200007a4      0x604 load address 0x0800ba70
                0x200007a8                        . = ALIGN (0x8)
 *fill*         0x200007a4        0x4 
                [!provide]                        PROVIDE (end = .)
                0x200007a8                        PROVIDE (_end = .)
                0x200009a8                        . = (. + _Min_Heap_Size)
 *fill*         0x200007a8      0x200 
                0x20000da8                        . = (. + _Min_Stack_Size)
 *fill*         0x200009a8      0x400 
                0x20000da8                        . = ALIGN (0x8)

/DISCARD/
 libc.a(*)
 libm.a(*)
 libgcc.a(*)
OUTPUT(STM32F051K8T7_CT.elf elf32-littlearm)
LOAD linker stubs
LOAD C:/ST/STM32CubeCLT_1.15.1/GNU-tools-for-STM32/bin/../lib/gcc/arm-none-eabi/12.3.1/../../../../arm-none-eabi/lib/thumb/v6-m/nofp\libc.a
LOAD C:/ST/STM32CubeCLT_1.15.1/GNU-tools-for-STM32/bin/../lib/gcc/arm-none-eabi/12.3.1/../../../../arm-none-eabi/lib/thumb/v6-m/nofp\libm.a
LOAD C:/ST/STM32CubeCLT_1.15.1/GNU-tools-for-STM32/bin/../lib/gcc/arm-none-eabi/12.3.1/thumb/v6-m/nofp\libgcc.a

.ARM.attributes
                0x00000000       0x28
 .ARM.attributes
                0x00000000       0x1e C:/ST/STM32CubeCLT_1.15.1/GNU-tools-for-STM32/bin/../lib/gcc/arm-none-eabi/12.3.1/thumb/v6-m/nofp/crti.o
 .ARM.attributes
                0x0000001e       0x2c C:/ST/STM32CubeCLT_1.15.1/GNU-tools-for-STM32/bin/../lib/gcc/arm-none-eabi/12.3.1/thumb/v6-m/nofp/crtbegin.o
 .ARM.attributes
                0x0000004a       0x2c C:/ST/STM32CubeCLT_1.15.1/GNU-tools-for-STM32/bin/../lib/gcc/arm-none-eabi/12.3.1/../../../../arm-none-eabi/lib/thumb/v6-m/nofp\libc_nano.a(libc_a-findfp.o)
 .ARM.attributes
                0x00000076       0x2c C:/ST/STM32CubeCLT_1.15.1/GNU-tools-for-STM32/bin/../lib/gcc/arm-none-eabi/12.3.1/../../../../arm-none-eabi/lib/thumb/v6-m/nofp\libc_nano.a(libc_a-fwalk.o)
 .ARM.attributes
                0x000000a2       0x2c C:/ST/STM32CubeCLT_1.15.1/GNU-tools-for-STM32/bin/../lib/gcc/arm-none-eabi/12.3.1/../../../../arm-none-eabi/lib/thumb/v6-m/nofp\libc_nano.a(libc_a-stdio.o)
 .ARM.attributes
                0x000000ce       0x2c C:/ST/STM32CubeCLT_1.15.1/GNU-tools-for-STM32/bin/../lib/gcc/arm-none-eabi/12.3.1/../../../../arm-none-eabi/lib/thumb/v6-m/nofp\libc_nano.a(libc_a-memset.o)
 .ARM.attributes
                0x000000fa       0x2c C:/ST/STM32CubeCLT_1.15.1/GNU-tools-for-STM32/bin/../lib/gcc/arm-none-eabi/12.3.1/../../../../arm-none-eabi/lib/thumb/v6-m/nofp\libc_nano.a(libc_a-closer.o)
 .ARM.attributes
                0x00000126       0x2c C:/ST/STM32CubeCLT_1.15.1/GNU-tools-for-STM32/bin/../lib/gcc/arm-none-eabi/12.3.1/../../../../arm-none-eabi/lib/thumb/v6-m/nofp\libc_nano.a(libc_a-reent.o)
 .ARM.attributes
                0x00000152       0x2c C:/ST/STM32CubeCLT_1.15.1/GNU-tools-for-STM32/bin/../lib/gcc/arm-none-eabi/12.3.1/../../../../arm-none-eabi/lib/thumb/v6-m/nofp\libc_nano.a(libc_a-impure.o)
 .ARM.attributes
                0x0000017e       0x2c C:/ST/STM32CubeCLT_1.15.1/GNU-tools-for-STM32/bin/../lib/gcc/arm-none-eabi/12.3.1/../../../../arm-none-eabi/lib/thumb/v6-m/nofp\libc_nano.a(libc_a-lseekr.o)
 .ARM.attributes
                0x000001aa       0x2c C:/ST/STM32CubeCLT_1.15.1/GNU-tools-for-STM32/bin/../lib/gcc/arm-none-eabi/12.3.1/../../../../arm-none-eabi/lib/thumb/v6-m/nofp\libc_nano.a(libc_a-readr.o)
 .ARM.attributes
                0x000001d6       0x2c C:/ST/STM32CubeCLT_1.15.1/GNU-tools-for-STM32/bin/../lib/gcc/arm-none-eabi/12.3.1/../../../../arm-none-eabi/lib/thumb/v6-m/nofp\libc_nano.a(libc_a-writer.o)
 .ARM.attributes
                0x00000202       0x2c C:/ST/STM32CubeCLT_1.15.1/GNU-tools-for-STM32/bin/../lib/gcc/arm-none-eabi/12.3.1/../../../../arm-none-eabi/lib/thumb/v6-m/nofp\libc_nano.a(libc_a-init.o)
 .ARM.attributes
                0x0000022e       0x2c C:/ST/STM32CubeCLT_1.15.1/GNU-tools-for-STM32/bin/../lib/gcc/arm-none-eabi/12.3.1/../../../../arm-none-eabi/lib/thumb/v6-m/nofp\libc_nano.a(libc_a-lock.o)
 .ARM.attributes
                0x0000025a       0x2c C:/ST/STM32CubeCLT_1.15.1/GNU-tools-for-STM32/bin/../lib/gcc/arm-none-eabi/12.3.1/../../../../arm-none-eabi/lib/thumb/v6-m/nofp\libc_nano.a(libc_a-freer.o)
 .ARM.attributes
                0x00000286       0x2c C:/ST/STM32CubeCLT_1.15.1/GNU-tools-for-STM32/bin/../lib/gcc/arm-none-eabi/12.3.1/../../../../arm-none-eabi/lib/thumb/v6-m/nofp\libc_nano.a(libc_a-mallocr.o)
 .ARM.attributes
                0x000002b2       0x2c C:/ST/STM32CubeCLT_1.15.1/GNU-tools-for-STM32/bin/../lib/gcc/arm-none-eabi/12.3.1/../../../../arm-none-eabi/lib/thumb/v6-m/nofp\libc_nano.a(libc_a-mlock.o)
 .ARM.attributes
                0x000002de       0x2c C:/ST/STM32CubeCLT_1.15.1/GNU-tools-for-STM32/bin/../lib/gcc/arm-none-eabi/12.3.1/../../../../arm-none-eabi/lib/thumb/v6-m/nofp\libc_nano.a(libc_a-fflush.o)
 .ARM.attributes
                0x0000030a       0x2c C:/ST/STM32CubeCLT_1.15.1/GNU-tools-for-STM32/bin/../lib/gcc/arm-none-eabi/12.3.1/../../../../arm-none-eabi/lib/thumb/v6-m/nofp\libc_nano.a(libc_a-sbrkr.o)
 .ARM.attributes
                0x00000336       0x2c CMakeFiles/STM32F051K8T7_CT.dir/Core/Src/main.c.obj
 .ARM.attributes
                0x00000362       0x2c CMakeFiles/STM32F051K8T7_CT.dir/Core/Src/gpio.c.obj
 .ARM.attributes
                0x0000038e       0x2c CMakeFiles/STM32F051K8T7_CT.dir/Core/Src/adc.c.obj
 .ARM.attributes
                0x000003ba       0x2c CMakeFiles/STM32F051K8T7_CT.dir/Core/Src/dma.c.obj
 .ARM.attributes
                0x000003e6       0x2c CMakeFiles/STM32F051K8T7_CT.dir/Core/Src/i2c.c.obj
 .ARM.attributes
                0x00000412       0x2c CMakeFiles/STM32F051K8T7_CT.dir/Core/Src/tim.c.obj
 .ARM.attributes
                0x0000043e       0x2c CMakeFiles/STM32F051K8T7_CT.dir/Core/Src/usart.c.obj
 .ARM.attributes
                0x0000046a       0x2c CMakeFiles/STM32F051K8T7_CT.dir/Core/Src/stm32f0xx_it.c.obj
 .ARM.attributes
                0x00000496       0x2c CMakeFiles/STM32F051K8T7_CT.dir/Core/Src/stm32f0xx_hal_msp.c.obj
 .ARM.attributes
                0x000004c2       0x2c CMakeFiles/STM32F051K8T7_CT.dir/Drivers/STM32F0xx_HAL_Driver/Src/stm32f0xx_hal_adc.c.obj
 .ARM.attributes
                0x000004ee       0x2c CMakeFiles/STM32F051K8T7_CT.dir/Drivers/STM32F0xx_HAL_Driver/Src/stm32f0xx_hal_adc_ex.c.obj
 .ARM.attributes
                0x0000051a       0x2c CMakeFiles/STM32F051K8T7_CT.dir/Drivers/STM32F0xx_HAL_Driver/Src/stm32f0xx_hal_rcc.c.obj
 .ARM.attributes
                0x00000546       0x2c CMakeFiles/STM32F051K8T7_CT.dir/Drivers/STM32F0xx_HAL_Driver/Src/stm32f0xx_hal_rcc_ex.c.obj
 .ARM.attributes
                0x00000572       0x2c CMakeFiles/STM32F051K8T7_CT.dir/Drivers/STM32F0xx_HAL_Driver/Src/stm32f0xx_hal.c.obj
 .ARM.attributes
                0x0000059e       0x2c CMakeFiles/STM32F051K8T7_CT.dir/Drivers/STM32F0xx_HAL_Driver/Src/stm32f0xx_hal_i2c.c.obj
 .ARM.attributes
                0x000005ca       0x2c CMakeFiles/STM32F051K8T7_CT.dir/Drivers/STM32F0xx_HAL_Driver/Src/stm32f0xx_hal_i2c_ex.c.obj
 .ARM.attributes
                0x000005f6       0x2c CMakeFiles/STM32F051K8T7_CT.dir/Drivers/STM32F0xx_HAL_Driver/Src/stm32f0xx_hal_gpio.c.obj
 .ARM.attributes
                0x00000622       0x2c CMakeFiles/STM32F051K8T7_CT.dir/Drivers/STM32F0xx_HAL_Driver/Src/stm32f0xx_hal_dma.c.obj
 .ARM.attributes
                0x0000064e       0x2c CMakeFiles/STM32F051K8T7_CT.dir/Drivers/STM32F0xx_HAL_Driver/Src/stm32f0xx_hal_cortex.c.obj
 .ARM.attributes
                0x0000067a       0x2c CMakeFiles/STM32F051K8T7_CT.dir/Drivers/STM32F0xx_HAL_Driver/Src/stm32f0xx_hal_tim.c.obj
 .ARM.attributes
                0x000006a6       0x2c CMakeFiles/STM32F051K8T7_CT.dir/Drivers/STM32F0xx_HAL_Driver/Src/stm32f0xx_hal_tim_ex.c.obj
 .ARM.attributes
                0x000006d2       0x2c CMakeFiles/STM32F051K8T7_CT.dir/Drivers/STM32F0xx_HAL_Driver/Src/stm32f0xx_hal_uart.c.obj
 .ARM.attributes
                0x000006fe       0x2c CMakeFiles/STM32F051K8T7_CT.dir/Drivers/STM32F0xx_HAL_Driver/Src/stm32f0xx_hal_uart_ex.c.obj
 .ARM.attributes
                0x0000072a       0x2c CMakeFiles/STM32F051K8T7_CT.dir/Core/Src/system_stm32f0xx.c.obj
 .ARM.attributes
                0x00000756       0x2c CMakeFiles/STM32F051K8T7_CT.dir/Core/Src/sysmem.c.obj
 .ARM.attributes
                0x00000782       0x2c CMakeFiles/STM32F051K8T7_CT.dir/Core/Src/syscalls.c.obj
 .ARM.attributes
                0x000007ae       0x21 CMakeFiles/STM32F051K8T7_CT.dir/startup_stm32f051x8.s.obj
 .ARM.attributes
                0x000007cf       0x1e C:/ST/STM32CubeCLT_1.15.1/GNU-tools-for-STM32/bin/../lib/gcc/arm-none-eabi/12.3.1/thumb/v6-m/nofp\libgcc.a(_udivsi3.o)
 .ARM.attributes
                0x000007ed       0x1e C:/ST/STM32CubeCLT_1.15.1/GNU-tools-for-STM32/bin/../lib/gcc/arm-none-eabi/12.3.1/thumb/v6-m/nofp\libgcc.a(_divsi3.o)
 .ARM.attributes
                0x0000080b       0x1e C:/ST/STM32CubeCLT_1.15.1/GNU-tools-for-STM32/bin/../lib/gcc/arm-none-eabi/12.3.1/thumb/v6-m/nofp\libgcc.a(_dvmd_tls.o)
 .ARM.attributes
                0x00000829       0x2c C:/ST/STM32CubeCLT_1.15.1/GNU-tools-for-STM32/bin/../lib/gcc/arm-none-eabi/12.3.1/thumb/v6-m/nofp\libgcc.a(_fixunsdfsi.o)
 .ARM.attributes
                0x00000855       0x2c C:/ST/STM32CubeCLT_1.15.1/GNU-tools-for-STM32/bin/../lib/gcc/arm-none-eabi/12.3.1/thumb/v6-m/nofp\libgcc.a(subdf3.o)
 .ARM.attributes
                0x00000881       0x2c C:/ST/STM32CubeCLT_1.15.1/GNU-tools-for-STM32/bin/../lib/gcc/arm-none-eabi/12.3.1/thumb/v6-m/nofp\libgcc.a(fixdfsi.o)
 .ARM.attributes
                0x000008ad       0x2c C:/ST/STM32CubeCLT_1.15.1/GNU-tools-for-STM32/bin/../lib/gcc/arm-none-eabi/12.3.1/thumb/v6-m/nofp\libgcc.a(floatunsidf.o)
 .ARM.attributes
                0x000008d9       0x1e C:/ST/STM32CubeCLT_1.15.1/GNU-tools-for-STM32/bin/../lib/gcc/arm-none-eabi/12.3.1/thumb/v6-m/nofp\libgcc.a(_arm_cmpdf2.o)
 .ARM.attributes
                0x000008f7       0x1e C:/ST/STM32CubeCLT_1.15.1/GNU-tools-for-STM32/bin/../lib/gcc/arm-none-eabi/12.3.1/thumb/v6-m/nofp\libgcc.a(_clzsi2.o)
 .ARM.attributes
                0x00000915       0x2c C:/ST/STM32CubeCLT_1.15.1/GNU-tools-for-STM32/bin/../lib/gcc/arm-none-eabi/12.3.1/thumb/v6-m/nofp\libgcc.a(eqdf2.o)
 .ARM.attributes
                0x00000941       0x2c C:/ST/STM32CubeCLT_1.15.1/GNU-tools-for-STM32/bin/../lib/gcc/arm-none-eabi/12.3.1/thumb/v6-m/nofp\libgcc.a(gedf2.o)
 .ARM.attributes
                0x0000096d       0x2c C:/ST/STM32CubeCLT_1.15.1/GNU-tools-for-STM32/bin/../lib/gcc/arm-none-eabi/12.3.1/thumb/v6-m/nofp\libgcc.a(ledf2.o)
 .ARM.attributes
                0x00000999       0x2c C:/ST/STM32CubeCLT_1.15.1/GNU-tools-for-STM32/bin/../lib/gcc/arm-none-eabi/12.3.1/../../../../arm-none-eabi/lib/thumb/v6-m/nofp\libg_nano.a(libc_a-printf.o)
 .ARM.attributes
                0x000009c5       0x2c C:/ST/STM32CubeCLT_1.15.1/GNU-tools-for-STM32/bin/../lib/gcc/arm-none-eabi/12.3.1/../../../../arm-none-eabi/lib/thumb/v6-m/nofp\libg_nano.a(libc_a-snprintf.o)
 .ARM.attributes
                0x000009f1       0x2c C:/ST/STM32CubeCLT_1.15.1/GNU-tools-for-STM32/bin/../lib/gcc/arm-none-eabi/12.3.1/../../../../arm-none-eabi/lib/thumb/v6-m/nofp\libg_nano.a(libc_a-errno.o)
 .ARM.attributes
                0x00000a1d       0x1c C:/ST/STM32CubeCLT_1.15.1/GNU-tools-for-STM32/bin/../lib/gcc/arm-none-eabi/12.3.1/../../../../arm-none-eabi/lib/thumb/v6-m/nofp\libg_nano.a(libc_a-strlen.o)
 .ARM.attributes
                0x00000a39       0x2c C:/ST/STM32CubeCLT_1.15.1/GNU-tools-for-STM32/bin/../lib/gcc/arm-none-eabi/12.3.1/../../../../arm-none-eabi/lib/thumb/v6-m/nofp\libg_nano.a(libc_a-nano-svfprintf.o)
 .ARM.attributes
                0x00000a65       0x2c C:/ST/STM32CubeCLT_1.15.1/GNU-tools-for-STM32/bin/../lib/gcc/arm-none-eabi/12.3.1/../../../../arm-none-eabi/lib/thumb/v6-m/nofp\libg_nano.a(libc_a-nano-vfprintf.o)
 .ARM.attributes
                0x00000a91       0x2c C:/ST/STM32CubeCLT_1.15.1/GNU-tools-for-STM32/bin/../lib/gcc/arm-none-eabi/12.3.1/../../../../arm-none-eabi/lib/thumb/v6-m/nofp\libg_nano.a(libc_a-nano-vfprintf_i.o)
 .ARM.attributes
                0x00000abd       0x2c C:/ST/STM32CubeCLT_1.15.1/GNU-tools-for-STM32/bin/../lib/gcc/arm-none-eabi/12.3.1/../../../../arm-none-eabi/lib/thumb/v6-m/nofp\libg_nano.a(libc_a-wbuf.o)
 .ARM.attributes
                0x00000ae9       0x2c C:/ST/STM32CubeCLT_1.15.1/GNU-tools-for-STM32/bin/../lib/gcc/arm-none-eabi/12.3.1/../../../../arm-none-eabi/lib/thumb/v6-m/nofp\libg_nano.a(libc_a-wsetup.o)
 .ARM.attributes
                0x00000b15       0x2c C:/ST/STM32CubeCLT_1.15.1/GNU-tools-for-STM32/bin/../lib/gcc/arm-none-eabi/12.3.1/../../../../arm-none-eabi/lib/thumb/v6-m/nofp\libg_nano.a(libc_a-memmove.o)
 .ARM.attributes
                0x00000b41       0x2c C:/ST/STM32CubeCLT_1.15.1/GNU-tools-for-STM32/bin/../lib/gcc/arm-none-eabi/12.3.1/../../../../arm-none-eabi/lib/thumb/v6-m/nofp\libg_nano.a(libc_a-memchr-stub.o)
 .ARM.attributes
                0x00000b6d       0x2c C:/ST/STM32CubeCLT_1.15.1/GNU-tools-for-STM32/bin/../lib/gcc/arm-none-eabi/12.3.1/../../../../arm-none-eabi/lib/thumb/v6-m/nofp\libg_nano.a(libc_a-memcpy-stub.o)
 .ARM.attributes
                0x00000b99       0x2c C:/ST/STM32CubeCLT_1.15.1/GNU-tools-for-STM32/bin/../lib/gcc/arm-none-eabi/12.3.1/../../../../arm-none-eabi/lib/thumb/v6-m/nofp\libg_nano.a(libc_a-reallocr.o)
 .ARM.attributes
                0x00000bc5       0x2c C:/ST/STM32CubeCLT_1.15.1/GNU-tools-for-STM32/bin/../lib/gcc/arm-none-eabi/12.3.1/../../../../arm-none-eabi/lib/thumb/v6-m/nofp\libg_nano.a(libc_a-makebuf.o)
 .ARM.attributes
                0x00000bf1       0x2c C:/ST/STM32CubeCLT_1.15.1/GNU-tools-for-STM32/bin/../lib/gcc/arm-none-eabi/12.3.1/../../../../arm-none-eabi/lib/thumb/v6-m/nofp\libg_nano.a(libc_a-fstatr.o)
 .ARM.attributes
                0x00000c1d       0x2c C:/ST/STM32CubeCLT_1.15.1/GNU-tools-for-STM32/bin/../lib/gcc/arm-none-eabi/12.3.1/../../../../arm-none-eabi/lib/thumb/v6-m/nofp\libg_nano.a(libc_a-isattyr.o)
 .ARM.attributes
                0x00000c49       0x2c C:/ST/STM32CubeCLT_1.15.1/GNU-tools-for-STM32/bin/../lib/gcc/arm-none-eabi/12.3.1/../../../../arm-none-eabi/lib/thumb/v6-m/nofp\libg_nano.a(libc_a-msizer.o)
 .ARM.attributes
                0x00000c75       0x1e C:/ST/STM32CubeCLT_1.15.1/GNU-tools-for-STM32/bin/../lib/gcc/arm-none-eabi/12.3.1/thumb/v6-m/nofp\libgcc.a(_thumb1_case_shi.o)
 .ARM.attributes
                0x00000c93       0x1e C:/ST/STM32CubeCLT_1.15.1/GNU-tools-for-STM32/bin/../lib/gcc/arm-none-eabi/12.3.1/thumb/v6-m/nofp/crtn.o
 .ARM.attributes
                0x00000cb1       0x2c C:/ST/STM32CubeCLT_1.15.1/GNU-tools-for-STM32/bin/../lib/gcc/arm-none-eabi/12.3.1/../../../../arm-none-eabi/lib/thumb/v6-m/nofp\libm.a(libm_a-w_sqrt.o)
 .ARM.attributes
                0x00000cdd       0x2c C:/ST/STM32CubeCLT_1.15.1/GNU-tools-for-STM32/bin/../lib/gcc/arm-none-eabi/12.3.1/../../../../arm-none-eabi/lib/thumb/v6-m/nofp\libm.a(libm_a-e_sqrt.o)
 .ARM.attributes
                0x00000d09       0x2c C:/ST/STM32CubeCLT_1.15.1/GNU-tools-for-STM32/bin/../lib/gcc/arm-none-eabi/12.3.1/thumb/v6-m/nofp\libgcc.a(adddf3.o)
 .ARM.attributes
                0x00000d35       0x2c C:/ST/STM32CubeCLT_1.15.1/GNU-tools-for-STM32/bin/../lib/gcc/arm-none-eabi/12.3.1/thumb/v6-m/nofp\libgcc.a(divdf3.o)
 .ARM.attributes
                0x00000d61       0x2c C:/ST/STM32CubeCLT_1.15.1/GNU-tools-for-STM32/bin/../lib/gcc/arm-none-eabi/12.3.1/thumb/v6-m/nofp\libgcc.a(muldf3.o)
 .ARM.attributes
                0x00000d8d       0x2c C:/ST/STM32CubeCLT_1.15.1/GNU-tools-for-STM32/bin/../lib/gcc/arm-none-eabi/12.3.1/thumb/v6-m/nofp\libgcc.a(unorddf2.o)

.comment        0x00000000       0x43
 .comment       0x00000000       0x43 CMakeFiles/STM32F051K8T7_CT.dir/Core/Src/main.c.obj
                                 0x44 (size before relaxing)
 .comment       0x00000043       0x44 CMakeFiles/STM32F051K8T7_CT.dir/Core/Src/gpio.c.obj
 .comment       0x00000043       0x44 CMakeFiles/STM32F051K8T7_CT.dir/Core/Src/adc.c.obj
 .comment       0x00000043       0x44 CMakeFiles/STM32F051K8T7_CT.dir/Core/Src/dma.c.obj
 .comment       0x00000043       0x44 CMakeFiles/STM32F051K8T7_CT.dir/Core/Src/i2c.c.obj
 .comment       0x00000043       0x44 CMakeFiles/STM32F051K8T7_CT.dir/Core/Src/tim.c.obj
 .comment       0x00000043       0x44 CMakeFiles/STM32F051K8T7_CT.dir/Core/Src/usart.c.obj
 .comment       0x00000043       0x44 CMakeFiles/STM32F051K8T7_CT.dir/Core/Src/stm32f0xx_it.c.obj
 .comment       0x00000043       0x44 CMakeFiles/STM32F051K8T7_CT.dir/Core/Src/stm32f0xx_hal_msp.c.obj
 .comment       0x00000043       0x44 CMakeFiles/STM32F051K8T7_CT.dir/Drivers/STM32F0xx_HAL_Driver/Src/stm32f0xx_hal_adc.c.obj
 .comment       0x00000043       0x44 CMakeFiles/STM32F051K8T7_CT.dir/Drivers/STM32F0xx_HAL_Driver/Src/stm32f0xx_hal_adc_ex.c.obj
 .comment       0x00000043       0x44 CMakeFiles/STM32F051K8T7_CT.dir/Drivers/STM32F0xx_HAL_Driver/Src/stm32f0xx_hal_rcc.c.obj
 .comment       0x00000043       0x44 CMakeFiles/STM32F051K8T7_CT.dir/Drivers/STM32F0xx_HAL_Driver/Src/stm32f0xx_hal_rcc_ex.c.obj
 .comment       0x00000043       0x44 CMakeFiles/STM32F051K8T7_CT.dir/Drivers/STM32F0xx_HAL_Driver/Src/stm32f0xx_hal.c.obj
 .comment       0x00000043       0x44 CMakeFiles/STM32F051K8T7_CT.dir/Drivers/STM32F0xx_HAL_Driver/Src/stm32f0xx_hal_i2c.c.obj
 .comment       0x00000043       0x44 CMakeFiles/STM32F051K8T7_CT.dir/Drivers/STM32F0xx_HAL_Driver/Src/stm32f0xx_hal_i2c_ex.c.obj
 .comment       0x00000043       0x44 CMakeFiles/STM32F051K8T7_CT.dir/Drivers/STM32F0xx_HAL_Driver/Src/stm32f0xx_hal_gpio.c.obj
 .comment       0x00000043       0x44 CMakeFiles/STM32F051K8T7_CT.dir/Drivers/STM32F0xx_HAL_Driver/Src/stm32f0xx_hal_dma.c.obj
 .comment       0x00000043       0x44 CMakeFiles/STM32F051K8T7_CT.dir/Drivers/STM32F0xx_HAL_Driver/Src/stm32f0xx_hal_cortex.c.obj
 .comment       0x00000043       0x44 CMakeFiles/STM32F051K8T7_CT.dir/Drivers/STM32F0xx_HAL_Driver/Src/stm32f0xx_hal_tim.c.obj
 .comment       0x00000043       0x44 CMakeFiles/STM32F051K8T7_CT.dir/Drivers/STM32F0xx_HAL_Driver/Src/stm32f0xx_hal_tim_ex.c.obj
 .comment       0x00000043       0x44 CMakeFiles/STM32F051K8T7_CT.dir/Drivers/STM32F0xx_HAL_Driver/Src/stm32f0xx_hal_uart.c.obj
 .comment       0x00000043       0x44 CMakeFiles/STM32F051K8T7_CT.dir/Drivers/STM32F0xx_HAL_Driver/Src/stm32f0xx_hal_uart_ex.c.obj
 .comment       0x00000043       0x44 CMakeFiles/STM32F051K8T7_CT.dir/Core/Src/system_stm32f0xx.c.obj
 .comment       0x00000043       0x44 CMakeFiles/STM32F051K8T7_CT.dir/Core/Src/sysmem.c.obj
 .comment       0x00000043       0x44 CMakeFiles/STM32F051K8T7_CT.dir/Core/Src/syscalls.c.obj
 .comment       0x00000043       0x44 C:/ST/STM32CubeCLT_1.15.1/GNU-tools-for-STM32/bin/../lib/gcc/arm-none-eabi/12.3.1/../../../../arm-none-eabi/lib/thumb/v6-m/nofp\libg_nano.a(libc_a-printf.o)
 .comment       0x00000043       0x44 C:/ST/STM32CubeCLT_1.15.1/GNU-tools-for-STM32/bin/../lib/gcc/arm-none-eabi/12.3.1/../../../../arm-none-eabi/lib/thumb/v6-m/nofp\libg_nano.a(libc_a-snprintf.o)
 .comment       0x00000043       0x44 C:/ST/STM32CubeCLT_1.15.1/GNU-tools-for-STM32/bin/../lib/gcc/arm-none-eabi/12.3.1/../../../../arm-none-eabi/lib/thumb/v6-m/nofp\libg_nano.a(libc_a-errno.o)
 .comment       0x00000043       0x44 C:/ST/STM32CubeCLT_1.15.1/GNU-tools-for-STM32/bin/../lib/gcc/arm-none-eabi/12.3.1/../../../../arm-none-eabi/lib/thumb/v6-m/nofp\libg_nano.a(libc_a-nano-svfprintf.o)
 .comment       0x00000043       0x44 C:/ST/STM32CubeCLT_1.15.1/GNU-tools-for-STM32/bin/../lib/gcc/arm-none-eabi/12.3.1/../../../../arm-none-eabi/lib/thumb/v6-m/nofp\libg_nano.a(libc_a-nano-vfprintf.o)
 .comment       0x00000043       0x44 C:/ST/STM32CubeCLT_1.15.1/GNU-tools-for-STM32/bin/../lib/gcc/arm-none-eabi/12.3.1/../../../../arm-none-eabi/lib/thumb/v6-m/nofp\libg_nano.a(libc_a-nano-vfprintf_i.o)
 .comment       0x00000043       0x44 C:/ST/STM32CubeCLT_1.15.1/GNU-tools-for-STM32/bin/../lib/gcc/arm-none-eabi/12.3.1/../../../../arm-none-eabi/lib/thumb/v6-m/nofp\libg_nano.a(libc_a-wbuf.o)
 .comment       0x00000043       0x44 C:/ST/STM32CubeCLT_1.15.1/GNU-tools-for-STM32/bin/../lib/gcc/arm-none-eabi/12.3.1/../../../../arm-none-eabi/lib/thumb/v6-m/nofp\libg_nano.a(libc_a-wsetup.o)
 .comment       0x00000043       0x44 C:/ST/STM32CubeCLT_1.15.1/GNU-tools-for-STM32/bin/../lib/gcc/arm-none-eabi/12.3.1/../../../../arm-none-eabi/lib/thumb/v6-m/nofp\libg_nano.a(libc_a-memmove.o)
 .comment       0x00000043       0x44 C:/ST/STM32CubeCLT_1.15.1/GNU-tools-for-STM32/bin/../lib/gcc/arm-none-eabi/12.3.1/../../../../arm-none-eabi/lib/thumb/v6-m/nofp\libg_nano.a(libc_a-memchr-stub.o)
 .comment       0x00000043       0x44 C:/ST/STM32CubeCLT_1.15.1/GNU-tools-for-STM32/bin/../lib/gcc/arm-none-eabi/12.3.1/../../../../arm-none-eabi/lib/thumb/v6-m/nofp\libg_nano.a(libc_a-memcpy-stub.o)
 .comment       0x00000043       0x44 C:/ST/STM32CubeCLT_1.15.1/GNU-tools-for-STM32/bin/../lib/gcc/arm-none-eabi/12.3.1/../../../../arm-none-eabi/lib/thumb/v6-m/nofp\libg_nano.a(libc_a-reallocr.o)
 .comment       0x00000043       0x44 C:/ST/STM32CubeCLT_1.15.1/GNU-tools-for-STM32/bin/../lib/gcc/arm-none-eabi/12.3.1/../../../../arm-none-eabi/lib/thumb/v6-m/nofp\libg_nano.a(libc_a-makebuf.o)
 .comment       0x00000043       0x44 C:/ST/STM32CubeCLT_1.15.1/GNU-tools-for-STM32/bin/../lib/gcc/arm-none-eabi/12.3.1/../../../../arm-none-eabi/lib/thumb/v6-m/nofp\libg_nano.a(libc_a-fstatr.o)
 .comment       0x00000043       0x44 C:/ST/STM32CubeCLT_1.15.1/GNU-tools-for-STM32/bin/../lib/gcc/arm-none-eabi/12.3.1/../../../../arm-none-eabi/lib/thumb/v6-m/nofp\libg_nano.a(libc_a-isattyr.o)
 .comment       0x00000043       0x44 C:/ST/STM32CubeCLT_1.15.1/GNU-tools-for-STM32/bin/../lib/gcc/arm-none-eabi/12.3.1/../../../../arm-none-eabi/lib/thumb/v6-m/nofp\libg_nano.a(libc_a-msizer.o)

.debug_frame    0x00000000     0x4ae8
 .debug_frame   0x00000000      0x138 C:/ST/STM32CubeCLT_1.15.1/GNU-tools-for-STM32/bin/../lib/gcc/arm-none-eabi/12.3.1/../../../../arm-none-eabi/lib/thumb/v6-m/nofp\libc_nano.a(libc_a-findfp.o)
 .debug_frame   0x00000138       0x34 C:/ST/STM32CubeCLT_1.15.1/GNU-tools-for-STM32/bin/../lib/gcc/arm-none-eabi/12.3.1/../../../../arm-none-eabi/lib/thumb/v6-m/nofp\libc_nano.a(libc_a-fwalk.o)
 .debug_frame   0x0000016c       0x90 C:/ST/STM32CubeCLT_1.15.1/GNU-tools-for-STM32/bin/../lib/gcc/arm-none-eabi/12.3.1/../../../../arm-none-eabi/lib/thumb/v6-m/nofp\libc_nano.a(libc_a-stdio.o)
 .debug_frame   0x000001fc       0x20 C:/ST/STM32CubeCLT_1.15.1/GNU-tools-for-STM32/bin/../lib/gcc/arm-none-eabi/12.3.1/../../../../arm-none-eabi/lib/thumb/v6-m/nofp\libc_nano.a(libc_a-memset.o)
 .debug_frame   0x0000021c       0x2c C:/ST/STM32CubeCLT_1.15.1/GNU-tools-for-STM32/bin/../lib/gcc/arm-none-eabi/12.3.1/../../../../arm-none-eabi/lib/thumb/v6-m/nofp\libc_nano.a(libc_a-closer.o)
 .debug_frame   0x00000248       0x2c C:/ST/STM32CubeCLT_1.15.1/GNU-tools-for-STM32/bin/../lib/gcc/arm-none-eabi/12.3.1/../../../../arm-none-eabi/lib/thumb/v6-m/nofp\libc_nano.a(libc_a-reent.o)
 .debug_frame   0x00000274       0x2c C:/ST/STM32CubeCLT_1.15.1/GNU-tools-for-STM32/bin/../lib/gcc/arm-none-eabi/12.3.1/../../../../arm-none-eabi/lib/thumb/v6-m/nofp\libc_nano.a(libc_a-lseekr.o)
 .debug_frame   0x000002a0       0x2c C:/ST/STM32CubeCLT_1.15.1/GNU-tools-for-STM32/bin/../lib/gcc/arm-none-eabi/12.3.1/../../../../arm-none-eabi/lib/thumb/v6-m/nofp\libc_nano.a(libc_a-readr.o)
 .debug_frame   0x000002cc       0x2c C:/ST/STM32CubeCLT_1.15.1/GNU-tools-for-STM32/bin/../lib/gcc/arm-none-eabi/12.3.1/../../../../arm-none-eabi/lib/thumb/v6-m/nofp\libc_nano.a(libc_a-writer.o)
 .debug_frame   0x000002f8       0x2c C:/ST/STM32CubeCLT_1.15.1/GNU-tools-for-STM32/bin/../lib/gcc/arm-none-eabi/12.3.1/../../../../arm-none-eabi/lib/thumb/v6-m/nofp\libc_nano.a(libc_a-init.o)
 .debug_frame   0x00000324       0xb0 C:/ST/STM32CubeCLT_1.15.1/GNU-tools-for-STM32/bin/../lib/gcc/arm-none-eabi/12.3.1/../../../../arm-none-eabi/lib/thumb/v6-m/nofp\libc_nano.a(libc_a-lock.o)
 .debug_frame   0x000003d4       0x2c C:/ST/STM32CubeCLT_1.15.1/GNU-tools-for-STM32/bin/../lib/gcc/arm-none-eabi/12.3.1/../../../../arm-none-eabi/lib/thumb/v6-m/nofp\libc_nano.a(libc_a-freer.o)
 .debug_frame   0x00000400       0x50 C:/ST/STM32CubeCLT_1.15.1/GNU-tools-for-STM32/bin/../lib/gcc/arm-none-eabi/12.3.1/../../../../arm-none-eabi/lib/thumb/v6-m/nofp\libc_nano.a(libc_a-mallocr.o)
 .debug_frame   0x00000450       0x40 C:/ST/STM32CubeCLT_1.15.1/GNU-tools-for-STM32/bin/../lib/gcc/arm-none-eabi/12.3.1/../../../../arm-none-eabi/lib/thumb/v6-m/nofp\libc_nano.a(libc_a-mlock.o)
 .debug_frame   0x00000490       0x68 C:/ST/STM32CubeCLT_1.15.1/GNU-tools-for-STM32/bin/../lib/gcc/arm-none-eabi/12.3.1/../../../../arm-none-eabi/lib/thumb/v6-m/nofp\libc_nano.a(libc_a-fflush.o)
 .debug_frame   0x000004f8       0x2c C:/ST/STM32CubeCLT_1.15.1/GNU-tools-for-STM32/bin/../lib/gcc/arm-none-eabi/12.3.1/../../../../arm-none-eabi/lib/thumb/v6-m/nofp\libc_nano.a(libc_a-sbrkr.o)
 .debug_frame   0x00000524      0x11c CMakeFiles/STM32F051K8T7_CT.dir/Core/Src/main.c.obj
 .debug_frame   0x00000640       0x30 CMakeFiles/STM32F051K8T7_CT.dir/Core/Src/gpio.c.obj
 .debug_frame   0x00000670       0x70 CMakeFiles/STM32F051K8T7_CT.dir/Core/Src/adc.c.obj
 .debug_frame   0x000006e0       0x30 CMakeFiles/STM32F051K8T7_CT.dir/Core/Src/dma.c.obj
 .debug_frame   0x00000710       0x6c CMakeFiles/STM32F051K8T7_CT.dir/Core/Src/i2c.c.obj
 .debug_frame   0x0000077c       0x70 CMakeFiles/STM32F051K8T7_CT.dir/Core/Src/tim.c.obj
 .debug_frame   0x000007ec       0x88 CMakeFiles/STM32F051K8T7_CT.dir/Core/Src/usart.c.obj
 .debug_frame   0x00000874      0x144 CMakeFiles/STM32F051K8T7_CT.dir/Core/Src/stm32f0xx_it.c.obj
 .debug_frame   0x000009b8       0x30 CMakeFiles/STM32F051K8T7_CT.dir/Core/Src/stm32f0xx_hal_msp.c.obj
 .debug_frame   0x000009e8      0x3a0 CMakeFiles/STM32F051K8T7_CT.dir/Drivers/STM32F0xx_HAL_Driver/Src/stm32f0xx_hal_adc.c.obj
 .debug_frame   0x00000d88       0x30 CMakeFiles/STM32F051K8T7_CT.dir/Drivers/STM32F0xx_HAL_Driver/Src/stm32f0xx_hal_adc_ex.c.obj
 .debug_frame   0x00000db8      0x198 CMakeFiles/STM32F051K8T7_CT.dir/Drivers/STM32F0xx_HAL_Driver/Src/stm32f0xx_hal_rcc.c.obj
 .debug_frame   0x00000f50       0x70 CMakeFiles/STM32F051K8T7_CT.dir/Drivers/STM32F0xx_HAL_Driver/Src/stm32f0xx_hal_rcc_ex.c.obj
 .debug_frame   0x00000fc0      0x2a4 CMakeFiles/STM32F051K8T7_CT.dir/Drivers/STM32F0xx_HAL_Driver/Src/stm32f0xx_hal.c.obj
 .debug_frame   0x00001264      0xa68 CMakeFiles/STM32F051K8T7_CT.dir/Drivers/STM32F0xx_HAL_Driver/Src/stm32f0xx_hal_i2c.c.obj
 .debug_frame   0x00001ccc       0xd0 CMakeFiles/STM32F051K8T7_CT.dir/Drivers/STM32F0xx_HAL_Driver/Src/stm32f0xx_hal_i2c_ex.c.obj
 .debug_frame   0x00001d9c      0x110 CMakeFiles/STM32F051K8T7_CT.dir/Drivers/STM32F0xx_HAL_Driver/Src/stm32f0xx_hal_gpio.c.obj
 .debug_frame   0x00001eac      0x1d0 CMakeFiles/STM32F051K8T7_CT.dir/Drivers/STM32F0xx_HAL_Driver/Src/stm32f0xx_hal_dma.c.obj
 .debug_frame   0x0000207c      0x2a0 CMakeFiles/STM32F051K8T7_CT.dir/Drivers/STM32F0xx_HAL_Driver/Src/stm32f0xx_hal_cortex.c.obj
 .debug_frame   0x0000231c      0xf00 CMakeFiles/STM32F051K8T7_CT.dir/Drivers/STM32F0xx_HAL_Driver/Src/stm32f0xx_hal_tim.c.obj
 .debug_frame   0x0000321c      0x550 CMakeFiles/STM32F051K8T7_CT.dir/Drivers/STM32F0xx_HAL_Driver/Src/stm32f0xx_hal_tim_ex.c.obj